[90m2026-10-01T04:36:12Z[0m [34mTRC[0m [1mgithub.com/kyverno/kyverno/cmd/internal/flag.go:335[0m[36m >[0m [36mlogger=[0msetup/flag [36mskip_log_headers=[0mfalse [36mv=[0m2
[90m2026-10-01T04:36:12Z[0m [34mTRC[0m [1mgithub.com/kyverno/kyverno/cmd/internal/flag.go:335[0m[36m >[0m [36mlogger=[0msetup/flag [36mstderrthreshold=[0m2 [36mv=[0m2
[90m2026-10-01T04:36:12Z[0m [34mTRC[0m [1mgithub.com/kyverno/kyverno/cmd/internal/flag.go:335[0m[36m >[0m [36mlogger=[0msetup/flag [36mtlsKeyAlgorithm=[0mRSA [36mv=[0m2
[90m2026-10-01T04:36:12Z[0m [34mTRC[0m [1mgithub.com/kyverno/kyverno/cmd/internal/flag.go:335[0m[36m >[0m [36mlogger=[0msetup/flag [36mtlsSecretName=[0mkyverno-svc.kyverno.svc.kyverno-tls-pair [36mv=[0m2
[90m2026-10-01T04:36:12Z[0m [34mTRC[0m [1mgithub.com/kyverno/kyverno/cmd/internal/flag.go:335[0m[36m >[0m [36mlogger=[0msetup/flag [36mtracingAddress=[0m [36mv=[0m2
[90m2026-10-01T04:36:12Z[0m [34mTRC[0m [1mgithub.com/kyverno/kyverno/cmd/internal/flag.go:335[0m[36m >[0m [36mlogger=[0msetup/flag [36mtracingCreds=[0m [36mv=[0m2
[90m2026-10-01T04:36:12Z[0m [34mTRC[0m [1mgithub.com/kyverno/kyverno/cmd/internal/flag.go:335[0m[36m >[0m [36mlogger=[0msetup/flag [36mtracingPort=[0m4317 [36mv=[0m2
[90m2026-10-01T04:36:12Z[0m [34mTRC[0m [1mgithub.com/kyverno/kyverno/cmd/internal/flag.go:335[0m[36m >[0m [36mlogger=[0msetup/flag [36mtransportCreds=[0m [36mv=[0m2
[90m2026-10-01T04:36:12Z[0m [34mTRC[0m [1mgithub.com/kyverno/kyverno/cmd/internal/flag.go:335[0m[36m >[0m [36mlogger=[0msetup/flag [36mtufMirror=[0mhttps://tuf-repo-cdn.sigstore.dev [36mv=[0m2
[90m2026-10-01T04:36:12Z[0m [34mTRC[0m [1mgithub.com/kyverno/kyverno/cmd/internal/flag.go:335[0m[36m >[0m [36mlogger=[0msetup/flag [36mtufRoot=[0m [36mv=[0m2
[90m2026-10-01T04:36:12Z[0m [34mTRC[0m [1mgithub.com/kyverno/kyverno/cmd/internal/flag.go:335[0m[36m >[0m [36mlogger=[0msetup/flag [36mtufRootRaw=[0m [36mv=[0m2
[90m2026-10-01T04:36:12Z[0m [34mTRC[0m [1mgithub.com/kyverno/kyverno/cmd/internal/flag.go:335[0m[36m >[0m [36mlogger=[0msetup/flag [36mv=[0m2
[90m2026-10-01T04:36:12Z[0m [34mTRC[0m [1mgithub.com/kyverno/kyverno/cmd/internal/flag.go:335[0m[36m >[0m [36mlogger=[0msetup/flag [36mv=[0m2 [36mvmodule=[0m
[90m2026-10-01T04:36:12Z[0m [34mTRC[0m [1mgithub.com/kyverno/kyverno/cmd/internal/flag.go:335[0m[36m >[0m [36mlogger=[0msetup/flag [36mv=[0m2 [36mwebhookRegistrationTimeout=[0m2m0s
[90m2026-10-01T04:36:12Z[0m [34mTRC[0m [1mgithub.com/kyverno/kyverno/cmd/internal/flag.go:335[0m[36m >[0m [36mlogger=[0msetup/flag [36mv=[0m2 [36mwebhookServerHost=[0m
[90m2026-10-01T04:36:12Z[0m [34mTRC[0m [1mgithub.com/kyverno/kyverno/cmd/internal/flag.go:335[0m[36m >[0m [36mlogger=[0msetup/flag [36mv=[0m2 [36mwebhookServerPort=[0m9443
[90m2026-10-01T04:36:12Z[0m [34mTRC[0m [1mgithub.com/kyverno/kyverno/cmd/internal/flag.go:335[0m[36m >[0m [36mlogger=[0msetup/flag [36mv=[0m2 [36mwebhookTimeout=[0m10
[90m2026-10-01T04:36:12Z[0m [34mTRC[0m [1mgithub.com/kyverno/kyverno/cmd/internal/maxprocs.go:12[0m[36m >[0m setup maxprocs... [36mlogger=[0msetup/maxprocs [36mv=[0m2
[90m2026-10-01T04:36:12Z[0m [34mTRC[0m [1mgithub.com/kyverno/kyverno/cmd/internal/memlimit.go:13[0m[36m >[0m setup memlimit... [36mlogger=[0msetup/memlimit [36mratio=[0m0.9 [36mv=[0m2
[90m2026-10-01T04:36:12Z[0m [34mTRC[0m [1mgithub.com/kyverno/kyverno/cmd/internal/signal.go:16[0m[36m >[0m setup signals... [36mlogger=[0msetup/signals [36mv=[0m2
[90m2026-10-01T04:36:12Z[0m [34mTRC[0m [1mgithub.com/kyverno/kyverno/cmd/internal/client.go:44[0m[36m >[0m create kube client... [36mburst=[0m200 [36mkubeconfig=[0m [36mlogger=[0msetup/kube-client [36mqps=[0m100 [36mv=[0m2
[90m2026-10-01T04:36:12Z[0m DBG [1mk8s.io/client-go@v0.36.3/features/envvar.go:195[0m[36m >[0m Feature gate default state [36menabled=[0mtrue [36mfeature=[0mUnlockWhileProcessingFIFO [36mlogger=[0mklog [36mv=[0m1
[90m2026-10-01T04:36:12Z[0m DBG [1mk8s.io/client-go@v0.36.3/features/envvar.go:195[0m[36m >[0m Feature gate default state [36menabled=[0mtrue [36mfeature=[0mWatchListClient [36mlogger=[0mklog [36mv=[0m1
[90m2026-10-01T04:36:12Z[0m DBG [1mk8s.io/client-go@v0.36.3/features/envvar.go:195[0m[36m >[0m Feature gate default state [36menabled=[0mfalse [36mfeature=[0mClientsPreferCBOR [36mlogger=[0mklog [36mv=[0m1
[90m2026-10-01T04:36:12Z[0m DBG [1mk8s.io/client-go@v0.36.3/features/envvar.go:195[0m[36m >[0m Feature gate default state [36menabled=[0mtrue [36mfeature=[0mInformerResourceVersion [36mlogger=[0mklog [36mv=[0m1
[90m2026-10-01T04:36:12Z[0m DBG [1mk8s.io/client-go@v0.36.3/features/envvar.go:195[0m[36m >[0m Feature gate default state [36menabled=[0mfalse [36mfeature=[0mClientsAllowCBOR [36mlogger=[0mklog [36mv=[0m1
[90m2026-10-01T04:36:12Z[0m DBG [1mk8s.io/client-go@v0.36.3/features/envvar.go:195[0m[36m >[0m Feature gate default state [36menabled=[0mtrue [36mfeature=[0mClientsAllowTLSCacheGC [36mlogger=[0mklog [36mv=[0m1
[90m2026-10-01T04:36:12Z[0m DBG [1mk8s.io/client-go@v0.36.3/features/envvar.go:195[0m[36m >[0m Feature gate default state [36menabled=[0mtrue [36mfeature=[0mClientsAllowCARotation [36mlogger=[0mklog [36mv=[0m1
[90m2026-10-01T04:36:12Z[0m DBG [1mk8s.io/client-go@v0.36.3/features/envvar.go:195[0m[36m >[0m Feature gate default state [36menabled=[0mtrue [36mfeature=[0mInOrderInformers [36mlogger=[0mklog [36mv=[0m1
[90m2026-10-01T04:36:12Z[0m DBG [1mk8s.io/client-go@v0.36.3/features/envvar.go:195[0m[36m >[0m Feature gate default state [36menabled=[0mtrue [36mfeature=[0mInOrderInformersBatchProcess [36mlogger=[0mklog [36mv=[0m1
[90m2026-10-01T04:36:12Z[0m DBG [1mk8s.io/client-go@v0.36.3/features/envvar.go:195[0m[36m >[0m Feature gate default state [36menabled=[0mtrue [36mfeature=[0mAtomicFIFO [36mlogger=[0mklog [36mv=[0m1
[90m2026-10-01T04:36:12Z[0m [34mTRC[0m [1mgithub.com/kyverno/kyverno/cmd/internal/configmap.go:36[0m[36m >[0m create metrics-config-controller... [36mlogger=[0msetup/metrics-config-controller [36mv=[0m2
[90m2026-10-01T04:36:12Z[0m [34mTRC[0m [1mk8s.io/client-go@v0.36.3/tools/cache/reflector.go:507[0m[36m >[0m Caches populated [36mlogger=[0mklog [36mreflector=[0mk8s.io/client-go@v0.36.3/tools/cache/reflector.go:343 [36mtype=[0m*v1.ConfigMap [36mv=[0m2
[90m2026-10-01T04:36:12Z[0m [34mTRC[0m [1mgithub.com/kyverno/kyverno/cmd/internal/configmap.go:52[0m[36m >[0m done creating metrics-config-controller [36mlogger=[0msetup/metrics-config-controller [36mv=[0m2
[90m2026-10-01T04:36:12Z[0m [34mTRC[0m [1mgithub.com/kyverno/kyverno/cmd/internal/metrics.go:27[0m[36m >[0m setup metrics... [36mcollector=[0mopentelemetrycollector.kyverno.svc.cluster.local [36mcreds=[0m [36mexemplarFilter=[0mtrace-based [36mlogger=[0msetup/metrics [36motel=[0mprometheus [36mport=[0m8000 [36mtlsSecretName=[0m [36mv=[0m2
[90m2026-10-01T04:36:12Z[0m [34mTRC[0m [1mgithub.com/kyverno/kyverno/cmd/internal/configmap.go:15[0m[36m >[0m create config-controller... [36mlogger=[0msetup/config-controller [36mv=[0m2
[90m2026-10-01T04:36:12Z[0m [32mINF[0m [1mgithub.com/kyverno/kyverno/cmd/internal/metrics.go:159[0m[36m >[0m [1mStarting HTTP metrics server[0m [36maddress=[0m[]:8000 [36mlogger=[0msetup/metrics [36mv=[0m0
[90m2026-10-01T04:36:12Z[0m [34mTRC[0m [1mk8s.io/client-go@v0.36.3/tools/cache/reflector.go:507[0m[36m >[0m Caches populated [36mlogger=[0mklog [36mreflector=[0mk8s.io/client-go@v0.36.3/tools/cache/reflector.go:343 [36mtype=[0m*v1.ConfigMap [36mv=[0m2
[90m2026-10-01T04:36:12Z[0m [34mTRC[0m [1mgithub.com/kyverno/kyverno/pkg/config/config.go:433[0m[36m >[0m defaultRegistry configured [36mdefaultRegistry=[0mdocker.io [36mlogger=[0mconfig [36mname=[0mkyverno [36mnamespace=[0mkyverno [36mv=[0m2
[90m2026-10-01T04:36:12Z[0m [34mTRC[0m [1mgithub.com/kyverno/kyverno/pkg/config/config.go:449[0m[36m >[0m enableDefaultRegistryMutation configured [36menableDefaultRegistryMutation=[0mtrue [36mlogger=[0mconfig [36mname=[0mkyverno [36mnamespace=[0mkyverno [36mv=[0m2
[90m2026-10-01T04:36:12Z[0m [34mTRC[0m [1mgithub.com/kyverno/kyverno/pkg/config/config.go:458[0m[36m >[0m excludedGroups configured [36mexcludeGroups=[0m["system:nodes"] [36mincludeGroups=[0m[] [36mlogger=[0mconfig [36mname=[0mkyverno [36mnamespace=[0mkyverno [36mv=[0m2
[90m2026-10-01T04:36:12Z[0m [34mTRC[0m [1mgithub.com/kyverno/kyverno/pkg/config/config.go:463[0m[36m >[0m excludeUsernames not set [36mlogger=[0mconfig [36mname=[0mkyverno [36mnamespace=[0mkyverno [36mv=[0m2
[90m2026-10-01T04:36:12Z[0m [34mTRC[0m [1mgithub.com/kyverno/kyverno/pkg/config/config.go:471[0m[36m >[0m excludeRoles not set [36mlogger=[0mconfig [36mname=[0mkyverno [36mnamespace=[0mkyverno [36mv=[0m2
[90m2026-10-01T04:36:12Z[0m [34mTRC[0m [1mgithub.com/kyverno/kyverno/pkg/config/config.go:479[0m[36m >[0m excludeClusterRoles not set [36mlogger=[0mconfig [36mname=[0mkyverno [36mnamespace=[0mkyverno [36mv=[0m2
[90m2026-10-01T04:36:12Z[0m [34mTRC[0m [1mgithub.com/kyverno/kyverno/pkg/config/config.go:495[0m[36m >[0m generateSuccessEvents configured [36mgenerateSuccessEvents=[0mfalse [36mlogger=[0mconfig [36mname=[0mkyverno [36mnamespace=[0mkyverno [36mv=[0m2
[90m2026-10-01T04:36:12Z[0m [34mTRC[0m [1mgithub.com/kyverno/kyverno/pkg/config/config.go:501[0m[36m >[0m successEventActions not set [36mlogger=[0mconfig [36mname=[0mkyverno [36mnamespace=[0mkyverno [36mv=[0m2
[90m2026-10-01T04:36:12Z[0m [34mTRC[0m [1mgithub.com/kyverno/kyverno/pkg/config/config.go:525[0m[36m >[0m webhooks configured [36mlogger=[0mconfig [36mname=[0mkyverno [36mnamespace=[0mkyverno [36mv=[0m2 [36mwebhooks=[0m"{\"namespaceSelector\":{\"matchExpressions\":[{\"key\":\"kubernetes.io/metadata.name\",\"operator\":\"NotIn\",\"values\":[\"kube-system\"]},{\"key\":\"kubernetes.io/metadata.name\",\"operator\":\"NotIn\",\"values\":[\"kyverno\"]}],\"matchLabels\":null}}"
[90m2026-10-01T04:36:12Z[0m [34mTRC[0m [1mgithub.com/kyverno/kyverno/pkg/config/config.go:539[0m[36m >[0m webhookAnnotations configured [36mlogger=[0mconfig [36mname=[0mkyverno [36mnamespace=[0mkyverno [36mv=[0m2 [36mwebhookAnnotations=[0m"{\"admissions.enforcer/disabled\":\"true\"}"
[90m2026-10-01T04:36:12Z[0m [34mTRC[0m [1mgithub.com/kyverno/kyverno/pkg/config/config.go:545[0m[36m >[0m webhookLabels not set [36mlogger=[0mconfig [36mname=[0mkyverno [36mnamespace=[0mkyverno [36mv=[0m2
[90m2026-10-01T04:36:12Z[0m [34mTRC[0m [1mgithub.com/kyverno/kyverno/pkg/config/config.go:559[0m[36m >[0m matchConditions not set [36mlogger=[0mconfig [36mname=[0mkyverno [36mnamespace=[0mkyverno [36mv=[0m2
[90m2026-10-01T04:36:12Z[0m [34mTRC[0m [1mgithub.com/kyverno/kyverno/pkg/config/config.go:580[0m[36m >[0m enableDefaultRegistryMutation configured [36menableDefaultRegistryMutation=[0mtrue [36mlogger=[0mconfig [36mname=[0mkyverno [36mnamespace=[0mkyverno [36mv=[0m2
[90m2026-10-01T04:36:12Z[0m [34mTRC[0m [1mgithub.com/kyverno/kyverno/pkg/config/config.go:595[0m[36m >[0m maxContextSize not set, using default [36mdefault=[0m2097152 [36mlogger=[0mconfig [36mname=[0mkyverno [36mnamespace=[0mkyverno [36mv=[0m2
[90m2026-10-01T04:36:12Z[0m [34mTRC[0m [1mgithub.com/kyverno/kyverno/cmd/internal/configmap.go:31[0m[36m >[0m done creating config-controller [36mlogger=[0msetup/config-controller [36mv=[0m2
[90m2026-10-01T04:36:12Z[0m [34mTRC[0m [1mgithub.com/kyverno/kyverno/cmd/internal/registry.go:18[0m[36m >[0m setup registry client... [36minsecure=[0mfalse [36mlogger=[0msetup/registry-client [36msecrets=[0m [36mv=[0m2
[90m2026-10-01T04:36:12Z[0m [34mTRC[0m [1mk8s.io/client-go@v0.36.3/tools/cache/reflector.go:507[0m[36m >[0m Caches populated [36mlogger=[0mklog [36mreflector=[0mk8s.io/client-go@v0.36.3/tools/cache/reflector.go:343 [36mtype=[0m*v1.Secret [36mv=[0m2
[90m2026-10-01T04:36:12Z[0m [34mTRC[0m [1mgithub.com/kyverno/kyverno/cmd/internal/imageverifycache.go:10[0m[36m >[0m setup image verify cache... [36menabled=[0mtrue [36mlogger=[0msetup/image-verify-cache [36mmaxsize=[0m1000 [36mttl=[0m1h0m0s [36mv=[0m2
[90m2026-10-01T04:36:12Z[0m [34mTRC[0m [1mgithub.com/kyverno/kyverno/cmd/internal/client.go:44[0m[36m >[0m create kube client... [36mburst=[0m200 [36mkubeconfig=[0m [36mlogger=[0msetup/kube-client [36mqps=[0m100 [36mv=[0m2
[90m2026-10-01T04:36:12Z[0m [34mTRC[0m [1mgithub.com/kyverno/kyverno/cmd/internal/client.go:60[0m[36m >[0m create kyverno client... [36mburst=[0m200 [36mkubeconfig=[0m [36mlogger=[0msetup/kyverno-client [36mqps=[0m100 [36mv=[0m2
[90m2026-10-01T04:36:12Z[0m [34mTRC[0m [1mgithub.com/kyverno/kyverno/cmd/internal/client.go:68[0m[36m >[0m create dynamic client... [36mburst=[0m200 [36mkubeconfig=[0m [36mlogger=[0msetup/dynamic-client [36mqps=[0m100 [36mv=[0m2
[90m2026-10-01T04:36:12Z[0m [34mTRC[0m [1mgithub.com/kyverno/kyverno/cmd/internal/client.go:84[0m[36m >[0m create apiserver client... [36mburst=[0m200 [36mkubeconfig=[0m [36mlogger=[0msetup/apiserver-client [36mqps=[0m100 [36mv=[0m2
[90m2026-10-01T04:36:12Z[0m [34mTRC[0m [1mgithub.com/kyverno/kyverno/cmd/internal/client.go:76[0m[36m >[0m create metadata client... [36mburst=[0m200 [36mkubeconfig=[0m [36mlogger=[0msetup/metadata-client [36mqps=[0m100 [36mv=[0m2
[90m2026-10-01T04:36:12Z[0m [34mTRC[0m [1mgithub.com/kyverno/kyverno/cmd/internal/client.go:92[0m[36m >[0m create the kyverno dynamic client... [36mburst=[0m200 [36mkubeconfig=[0m [36mlogger=[0msetup/d-client [36mqps=[0m100 [36mv=[0m2
[90m2026-10-01T04:36:12Z[0m [34mTRC[0m [1mgithub.com/kyverno/kyverno/cmd/internal/client.go:100[0m[36m >[0m create the events client... [36mburst=[0m200 [36mkubeconfig=[0m [36mlogger=[0msetup/events-client [36mqps=[0m100 [36mv=[0m2
[90m2026-10-01T04:36:12Z[0m [34mTRC[0m [1mgithub.com/kyverno/kyverno/cmd/internal/client.go:44[0m[36m >[0m create kube client... [36mburst=[0m200 [36mkubeconfig=[0m [36mlogger=[0msetup/events-client/kube-client [36mqps=[0m100 [36mv=[0m2
[90m2026-10-01T04:36:12Z[0m [34mTRC[0m [1mgithub.com/kyverno/kyverno/cmd/internal/reporting.go:13[0m[36m >[0m setting up reporting... [36menableReporting=[0mvalidate,mutate,mutateExisting,imageVerify,generate [36mgenerate=[0mtrue [36mimageVerify=[0mtrue [36mlogger=[0msetup/setup-reporting [36mmutate=[0mtrue [36mmutateExisiting=[0mtrue [36mv=[0m2 [36mvalidate=[0mtrue
[90m2026-10-01T04:36:12Z[0m [34mTRC[0m [1mk8s.io/client-go@v0.36.3/tools/cache/reflector.go:507[0m[36m >[0m Caches populated [36mlogger=[0mklog [36mreflector=[0mk8s.io/client-go@v0.36.3/tools/cache/reflector.go:343 [36mtype=[0m*v1.Deployment [36mv=[0m2
[90m2026-10-01T04:36:12Z[0m [34mTRC[0m [1mk8s.io/client-go@v0.36.3/tools/cache/reflector.go:507[0m[36m >[0m Caches populated [36mlogger=[0mklog [36mreflector=[0mk8s.io/client-go@v0.36.3/tools/cache/reflector.go:343 [36mtype=[0m*v1.Secret [36mv=[0m2
[90m2026-10-01T04:36:12Z[0m [34mTRC[0m [1mk8s.io/client-go@v0.36.3/tools/cache/reflector.go:507[0m[36m >[0m Caches populated [36mlogger=[0mklog [36mreflector=[0mk8s.io/client-go@v0.36.3/tools/cache/reflector.go:343 [36mtype=[0m*v1.Secret [36mv=[0m2
[90m2026-10-01T04:36:13Z[0m [34mTRC[0m [1mgithub.com/kyverno/kyverno/cmd/internal/engine.go:62[0m[36m >[0m setup exception selector... [36menablePolicyException=[0mtrue [36mexceptionNamespace=[0mpolicy-exceptions [36mlogger=[0msetup/exception-selector [36mv=[0m2
[90m2026-10-01T04:36:13Z[0m [34mTRC[0m [1mgithub.com/kyverno/kyverno/cmd/internal/engine.go:91[0m[36m >[0m setup config map resolver... [36menableConfigMapCaching=[0mtrue [36mlogger=[0msetup/configmap-resolver [36mv=[0m2
[90m2026-10-01T04:36:13Z[0m [34mTRC[0m [1mk8s.io/client-go@v0.36.3/tools/cache/reflector.go:507[0m[36m >[0m Caches populated [36mlogger=[0mklog [36mreflector=[0mk8s.io/client-go@v0.36.3/tools/cache/reflector.go:343 [36mtype=[0m*v1.ConfigMap [36mv=[0m2
[90m2026-10-01T04:36:13Z[0m [34mTRC[0m [1mgithub.com/kyverno/kyverno/cmd/internal/engine.go:44[0m[36m >[0m setup engine... [36mlogger=[0msetup/engine [36mv=[0m2
[90m2026-10-01T04:36:13Z[0m [34mTRC[0m [1mk8s.io/client-go@v0.36.3/tools/cache/reflector.go:507[0m[36m >[0m Caches populated [36mlogger=[0mklog [36mreflector=[0mk8s.io/client-go@v0.36.3/tools/cache/reflector.go:343 [36mtype=[0m*v1.Deployment [36mv=[0m2
[90m2026-10-01T04:36:13Z[0m [34mTRC[0m [1mk8s.io/client-go@v0.36.3/tools/cache/reflector.go:507[0m[36m >[0m Caches populated [36mlogger=[0mklog [36mreflector=[0mk8s.io/client-go@v0.36.3/tools/cache/reflector.go:343 [36mtype=[0m*v2beta1.GlobalContextEntry [36mv=[0m2
[90m2026-10-01T04:36:13Z[0m [32mINF[0m [1mk8s.io/client-go@v0.36.3/rest/warnings.go:107[0m[36m >[0m [1mWarning: kyverno.io/v1 Policy is deprecated and will be removed in a future release; migrate to NamespacedValidatingPolicy and the other namespaced policy types (policies.kyverno.io), see https://kyverno.io/docs/guides/migration-to-cel/[0m [36mlogger=[0mklog [36mv=[0m0
[90m2026-10-01T04:36:13Z[0m [34mTRC[0m [1mk8s.io/client-go@v0.36.3/tools/cache/reflector.go:507[0m[36m >[0m Caches populated [36mlogger=[0mklog [36mreflector=[0mk8s.io/client-go@v0.36.3/tools/cache/reflector.go:343 [36mtype=[0m*v2.UpdateRequest [36mv=[0m2
[90m2026-10-01T04:36:13Z[0m [34mTRC[0m [1mk8s.io/client-go@v0.36.3/tools/cache/reflector.go:507[0m[36m >[0m Caches populated [36mlogger=[0mklog [36mreflector=[0mk8s.io/client-go@v0.36.3/tools/cache/reflector.go:343 [36mtype=[0m*v1.Policy [36mv=[0m2
[90m2026-10-01T04:36:13Z[0m [32mINF[0m [1mk8s.io/client-go@v0.36.3/rest/warnings.go:107[0m[36m >[0m [1mWarning: kyverno.io/v2 PolicyException is deprecated and will be removed in a future release; migrate to PolicyException (policies.kyverno.io), see https://kyverno.io/docs/guides/migration-to-cel/[0m [36mlogger=[0mklog [36mv=[0m0
[90m2026-10-01T04:36:13Z[0m [32mINF[0m [1mk8s.io/client-go@v0.36.3/rest/warnings.go:107[0m[36m >[0m [1mWarning: kyverno.io/v1 ClusterPolicy is deprecated and will be removed in a future release; migrate to ValidatingPolicy, MutatingPolicy, GeneratingPolicy or ImageValidatingPolicy (policies.kyverno.io), see https://kyverno.io/docs/guides/migration-to-cel/[0m [36mlogger=[0mklog [36mv=[0m0
[90m2026-10-01T04:36:13Z[0m [34mTRC[0m [1mk8s.io/client-go@v0.36.3/tools/cache/reflector.go:507[0m[36m >[0m Caches populated [36mlogger=[0mklog [36mreflector=[0mk8s.io/client-go@v0.36.3/tools/cache/reflector.go:343 [36mtype=[0m*v2.PolicyException [36mv=[0m2
[90m2026-10-01T04:36:13Z[0m [34mTRC[0m [1mk8s.io/client-go@v0.36.3/tools/cache/reflector.go:507[0m[36m >[0m Caches populated [36mlogger=[0mklog [36mreflector=[0mk8s.io/client-go@v0.36.3/tools/cache/reflector.go:343 [36mtype=[0m*v1.ClusterPolicy [36mv=[0m2
[90m2026-10-01T04:36:13Z[0m [32mINF[0m [1msigs.k8s.io/controller-runtime@v0.24.1/pkg/metrics/server/server.go:208[0m[36m >[0m [1mStarting metrics server[0m [36mlogger=[0mcontroller-runtime/metrics [36mv=[0m0
[90m2026-10-01T04:36:13Z[0m [32mINF[0m [1msigs.k8s.io/controller-runtime@v0.24.1/pkg/metrics/server/server.go:247[0m[36m >[0m [1mServing metrics server[0m [36mbindAddress=[0m:8080 [36mlogger=[0mcontroller-runtime/metrics [36msecure=[0mfalse [36mv=[0m0
[90m2026-10-01T04:36:13Z[0m [32mINF[0m [1msigs.k8s.io/controller-runtime@v0.24.1/pkg/internal/controller/controller.go:369[0m[36m >[0m [1mStarting EventSource[0m [36mcontroller=[0mvalidatingpolicy [36mcontrollerGroup=[0mpolicies.kyverno.io [36mcontrollerKind=[0mValidatingPolicy [36msource=[0m"kind source: *v1beta1.PolicyException" [36mv=[0m0
[90m2026-10-01T04:36:13Z[0m [32mINF[0m [1msigs.k8s.io/controller-runtime@v0.24.1/pkg/internal/controller/controller.go:369[0m[36m >[0m [1mStarting EventSource[0m [36mcontroller=[0mimagevalidatingpolicy [36mcontrollerGroup=[0mpolicies.kyverno.io [36mcontrollerKind=[0mImageValidatingPolicy [36msource=[0m"kind source: *v1beta1.PolicyException" [36mv=[0m0
[90m2026-10-01T04:36:13Z[0m [32mINF[0m [1msigs.k8s.io/controller-runtime@v0.24.1/pkg/internal/controller/controller.go:369[0m[36m >[0m [1mStarting EventSource[0m [36mcontroller=[0mvalidatingpolicy [36mcontrollerGroup=[0mpolicies.kyverno.io [36mcontrollerKind=[0mValidatingPolicy [36msource=[0m"kind source: *v1beta1.ValidatingPolicy" [36mv=[0m0
[90m2026-10-01T04:36:13Z[0m [32mINF[0m [1msigs.k8s.io/controller-runtime@v0.24.1/pkg/internal/controller/controller.go:369[0m[36m >[0m [1mStarting EventSource[0m [36mcontroller=[0mnamespacedvalidatingpolicy [36mcontrollerGroup=[0mpolicies.kyverno.io [36mcontrollerKind=[0mNamespacedValidatingPolicy [36msource=[0m"kind source: *v1beta1.PolicyException" [36mv=[0m0
[90m2026-10-01T04:36:13Z[0m [32mINF[0m [1msigs.k8s.io/controller-runtime@v0.24.1/pkg/internal/controller/controller.go:369[0m[36m >[0m [1mStarting EventSource[0m [36mcontroller=[0mimagevalidatingpolicy [36mcontrollerGroup=[0mpolicies.kyverno.io [36mcontrollerKind=[0mImageValidatingPolicy [36msource=[0m"kind source: *v1beta1.ImageValidatingPolicy" [36mv=[0m0
[90m2026-10-01T04:36:13Z[0m [32mINF[0m [1msigs.k8s.io/controller-runtime@v0.24.1/pkg/internal/controller/controller.go:369[0m[36m >[0m [1mStarting EventSource[0m [36mcontroller=[0mnamespacedvalidatingpolicy [36mcontrollerGroup=[0mpolicies.kyverno.io [36mcontrollerKind=[0mNamespacedValidatingPolicy [36msource=[0m"kind source: *v1beta1.NamespacedValidatingPolicy" [36mv=[0m0
[90m2026-10-01T04:36:13Z[0m [32mINF[0m [1msigs.k8s.io/controller-runtime@v0.24.1/pkg/internal/controller/controller.go:369[0m[36m >[0m [1mStarting EventSource[0m [36mcontroller=[0mmutatingpolicy [36mcontrollerGroup=[0mpolicies.kyverno.io [36mcontrollerKind=[0mMutatingPolicy [36msource=[0m"kind source: *v1beta1.PolicyException" [36mv=[0m0
[90m2026-10-01T04:36:13Z[0m [32mINF[0m [1msigs.k8s.io/controller-runtime@v0.24.1/pkg/internal/controller/controller.go:369[0m[36m >[0m [1mStarting EventSource[0m [36mcontroller=[0mmutatingpolicy [36mcontrollerGroup=[0mpolicies.kyverno.io [36mcontrollerKind=[0mMutatingPolicy [36msource=[0m"kind source: *v1beta1.MutatingPolicy" [36mv=[0m0
[90m2026-10-01T04:36:13Z[0m [32mINF[0m [1msigs.k8s.io/controller-runtime@v0.24.1/pkg/internal/controller/controller.go:369[0m[36m >[0m [1mStarting EventSource[0m [36mcontroller=[0mnamespacedmutatingpolicy [36mcontrollerGroup=[0mpolicies.kyverno.io [36mcontrollerKind=[0mNamespacedMutatingPolicy [36msource=[0m"kind source: *v1beta1.PolicyException" [36mv=[0m0
[90m2026-10-01T04:36:13Z[0m [32mINF[0m [1msigs.k8s.io/controller-runtime@v0.24.1/pkg/internal/controller/controller.go:369[0m[36m >[0m [1mStarting EventSource[0m [36mcontroller=[0mnamespacedimagevalidatingpolicy [36mcontrollerGroup=[0mpolicies.kyverno.io [36mcontrollerKind=[0mNamespacedImageValidatingPolicy [36msource=[0m"kind source: *v1beta1.PolicyException" [36mv=[0m0
[90m2026-10-01T04:36:13Z[0m [32mINF[0m [1msigs.k8s.io/controller-runtime@v0.24.1/pkg/internal/controller/controller.go:369[0m[36m >[0m [1mStarting EventSource[0m [36mcontroller=[0mnamespacedmutatingpolicy [36mcontrollerGroup=[0mpolicies.kyverno.io [36mcontrollerKind=[0mNamespacedMutatingPolicy [36msource=[0m"kind source: *v1beta1.NamespacedMutatingPolicy" [36mv=[0m0
[90m2026-10-01T04:36:13Z[0m [32mINF[0m [1msigs.k8s.io/controller-runtime@v0.24.1/pkg/internal/controller/controller.go:369[0m[36m >[0m [1mStarting EventSource[0m [36mcontroller=[0mnamespacedimagevalidatingpolicy [36mcontrollerGroup=[0mpolicies.kyverno.io [36mcontrollerKind=[0mNamespacedImageValidatingPolicy [36msource=[0m"kind source: *v1beta1.NamespacedImageValidatingPolicy" [36mv=[0m0
[90m2026-10-01T04:36:13Z[0m [34mTRC[0m [1mk8s.io/client-go@v0.36.3/tools/cache/reflector.go:507[0m[36m >[0m Caches populated [36mlogger=[0mcontroller-runtime/cache [36mreflector=[0mk8s.io/client-go@v0.36.3/tools/cache/reflector.go:343 [36mtype=[0m*v1beta1.PolicyException [36mv=[0m2
[90m2026-10-01T04:36:13Z[0m [34mTRC[0m [1mk8s.io/client-go@v0.36.3/tools/cache/reflector.go:507[0m[36m >[0m Caches populated [36mlogger=[0mcontroller-runtime/cache [36mreflector=[0mk8s.io/client-go@v0.36.3/tools/cache/reflector.go:343 [36mtype=[0m*v1beta1.NamespacedImageValidatingPolicy [36mv=[0m2
[90m2026-10-01T04:36:13Z[0m [34mTRC[0m [1mk8s.io/client-go@v0.36.3/tools/cache/reflector.go:507[0m[36m >[0m Caches populated [36mlogger=[0mcontroller-runtime/cache [36mreflector=[0mk8s.io/client-go@v0.36.3/tools/cache/reflector.go:343 [36mtype=[0m*v1beta1.NamespacedValidatingPolicy [36mv=[0m2
[90m2026-10-01T04:36:13Z[0m [34mTRC[0m [1mk8s.io/client-go@v0.36.3/tools/cache/reflector.go:507[0m[36m >[0m Caches populated [36mlogger=[0mklog [36mreflector=[0mk8s.io/client-go@v0.36.3/tools/cache/reflector.go:343 [36mtype=[0m*v1beta1.NamespacedGeneratingPolicy [36mv=[0m2
[90m2026-10-01T04:36:13Z[0m [34mTRC[0m [1mk8s.io/client-go@v0.36.3/tools/cache/reflector.go:507[0m[36m >[0m Caches populated [36mlogger=[0mcontroller-runtime/cache [36mreflector=[0mk8s.io/client-go@v0.36.3/tools/cache/reflector.go:343 [36mtype=[0m*v1beta1.NamespacedMutatingPolicy [36mv=[0m2
[90m2026-10-01T04:36:13Z[0m [34mTRC[0m [1mk8s.io/client-go@v0.36.3/tools/cache/reflector.go:507[0m[36m >[0m Caches populated [36mlogger=[0mklog [36mreflector=[0mk8s.io/client-go@v0.36.3/tools/cache/reflector.go:343 [36mtype=[0m*v1.Namespace [36mv=[0m2
[90m2026-10-01T04:36:13Z[0m [34mTRC[0m [1mk8s.io/client-go@v0.36.3/tools/cache/reflector.go:507[0m[36m >[0m Caches populated [36mlogger=[0mklog [36mreflector=[0mk8s.io/client-go@v0.36.3/tools/cache/reflector.go:343 [36mtype=[0m*v1beta1.GeneratingPolicy [36mv=[0m2
[90m2026-10-01T04:36:13Z[0m [34mTRC[0m [1mk8s.io/client-go@v0.36.3/tools/cache/reflector.go:507[0m[36m >[0m Caches populated [36mlogger=[0mcontroller-runtime/cache [36mreflector=[0mk8s.io/client-go@v0.36.3/tools/cache/reflector.go:343 [36mtype=[0m*v1beta1.MutatingPolicy [36mv=[0m2
[90m2026-10-01T04:36:13Z[0m [34mTRC[0m [1mk8s.io/client-go@v0.36.3/tools/cache/reflector.go:507[0m[36m >[0m Caches populated [36mlogger=[0mklog [36mreflector=[0mk8s.io/client-go@v0.36.3/tools/cache/reflector.go:343 [36mtype=[0m*v1.ClusterRoleBinding [36mv=[0m2
[90m2026-10-01T04:36:13Z[0m [34mTRC[0m [1mk8s.io/client-go@v0.36.3/tools/cache/reflector.go:507[0m[36m >[0m Caches populated [36mlogger=[0mcontroller-runtime/cache [36mreflector=[0mk8s.io/client-go@v0.36.3/tools/cache/reflector.go:343 [36mtype=[0m*v1beta1.ImageValidatingPolicy [36mv=[0m2
[90m2026-10-01T04:36:13Z[0m [34mTRC[0m [1mk8s.io/client-go@v0.36.3/tools/cache/reflector.go:507[0m[36m >[0m Caches populated [36mlogger=[0mklog [36mreflector=[0mk8s.io/client-go@v0.36.3/tools/cache/reflector.go:343 [36mtype=[0m*v1.RoleBinding [36mv=[0m2
[90m2026-10-01T04:36:13Z[0m [34mTRC[0m [1mk8s.io/client-go@v0.36.3/tools/cache/reflector.go:507[0m[36m >[0m Caches populated [36mlogger=[0mcontroller-runtime/cache [36mreflector=[0mk8s.io/client-go@v0.36.3/tools/cache/reflector.go:343 [36mtype=[0m*v1beta1.ValidatingPolicy [36mv=[0m2
[90m2026-10-01T04:36:13Z[0m [32mINF[0m [1mk8s.io/client-go@v0.36.3/tools/leaderelection/leaderelection.go:258[0m[36m >[0m [1mAttempting to acquire leader lease...[0m [36mlock=[0mkyverno/kyverno [36mlogger=[0mklog [36mv=[0m0
[90m2026-10-01T04:36:13Z[0m [34mTRC[0m [1mgithub.com/kyverno/kyverno/cmd/internal/controller.go:32[0m[36m >[0m starting controller [36mlogger=[0msetup [36mname=[0mkyverno-events [36mv=[0m2 [36mworkers=[0m3
[90m2026-10-01T04:36:13Z[0m [34mTRC[0m [1mgithub.com/kyverno/kyverno/pkg/event/controller.go:125[0m[36m >[0m start [36mlogger=[0mEventGenerator [36mv=[0m2
[90m2026-10-01T04:36:13Z[0m [34mTRC[0m [1mgithub.com/kyverno/kyverno/cmd/internal/controller.go:32[0m[36m >[0m starting controller [36mlogger=[0msetup [36mname=[0mglobal-context [36mv=[0m2 [36mworkers=[0m1
[90m2026-10-01T04:36:13Z[0m [34mTRC[0m [1mgithub.com/kyverno/kyverno/cmd/internal/controller.go:32[0m[36m >[0m starting controller [36mlogger=[0msetup [36mname=[0mexceptions-controller [36mv=[0m2 [36mworkers=[0m3
[90m2026-10-01T04:36:13Z[0m [34mTRC[0m [1mgithub.com/kyverno/kyverno/cmd/internal/controller.go:32[0m[36m >[0m starting controller [36mlogger=[0msetup/controllers [36mname=[0mpolicycache-controller [36mv=[0m2 [36mworkers=[0m3
[90m2026-10-01T04:36:13Z[0m [34mTRC[0m [1mgithub.com/kyverno/kyverno/pkg/leaderelection/leaderelection.go:98[0m[36m >[0m another instance has been elected as leader [36mid=[0mkyverno-admission-controller-86f655d85-nc6bt [36mleader=[0mkyverno-admission-controller-54fff47966-x96nv [36mlogger=[0msetup/leader-election [36mv=[0m2
[90m2026-10-01T04:36:13Z[0m [32mINF[0m [1msigs.k8s.io/controller-runtime@v0.24.1/pkg/internal/controller/controller.go:302[0m[36m >[0m [1mStarting Controller[0m [36mcontroller=[0mvalidatingpolicy [36mcontrollerGroup=[0mpolicies.kyverno.io [36mcontrollerKind=[0mValidatingPolicy [36mv=[0m0
[90m2026-10-01T04:36:13Z[0m [32mINF[0m [1msigs.k8s.io/controller-runtime@v0.24.1/pkg/internal/controller/controller.go:305[0m[36m >[0m [1mStarting workers[0m [36mcontroller=[0mvalidatingpolicy [36mcontrollerGroup=[0mpolicies.kyverno.io [36mcontrollerKind=[0mValidatingPolicy [36mv=[0m0 [36mworker count=[0m1
[90m2026-10-01T04:36:13Z[0m [32mINF[0m [1msigs.k8s.io/controller-runtime@v0.24.1/pkg/internal/controller/controller.go:302[0m[36m >[0m [1mStarting Controller[0m [36mcontroller=[0mnamespacedvalidatingpolicy [36mcontrollerGroup=[0mpolicies.kyverno.io [36mcontrollerKind=[0mNamespacedValidatingPolicy [36mv=[0m0
[90m2026-10-01T04:36:13Z[0m [32mINF[0m [1msigs.k8s.io/controller-runtime@v0.24.1/pkg/internal/controller/controller.go:305[0m[36m >[0m [1mStarting workers[0m [36mcontroller=[0mnamespacedvalidatingpolicy [36mcontrollerGroup=[0mpolicies.kyverno.io [36mcontrollerKind=[0mNamespacedValidatingPolicy [36mv=[0m0 [36mworker count=[0m1
[90m2026-10-01T04:36:13Z[0m [32mINF[0m [1msigs.k8s.io/controller-runtime@v0.24.1/pkg/internal/controller/controller.go:302[0m[36m >[0m [1mStarting Controller[0m [36mcontroller=[0mmutatingpolicy [36mcontrollerGroup=[0mpolicies.kyverno.io [36mcontrollerKind=[0mMutatingPolicy [36mv=[0m0
[90m2026-10-01T04:36:13Z[0m [32mINF[0m [1msigs.k8s.io/controller-runtime@v0.24.1/pkg/internal/controller/controller.go:305[0m[36m >[0m [1mStarting workers[0m [36mcontroller=[0mmutatingpolicy [36mcontrollerGroup=[0mpolicies.kyverno.io [36mcontrollerKind=[0mMutatingPolicy [36mv=[0m0 [36mworker count=[0m1
[90m2026-10-01T04:36:13Z[0m [32mINF[0m [1msigs.k8s.io/controller-runtime@v0.24.1/pkg/internal/controller/controller.go:302[0m[36m >[0m [1mStarting Controller[0m [36mcontroller=[0mnamespacedimagevalidatingpolicy [36mcontrollerGroup=[0mpolicies.kyverno.io [36mcontrollerKind=[0mNamespacedImageValidatingPolicy [36mv=[0m0
[90m2026-10-01T04:36:13Z[0m [32mINF[0m [1msigs.k8s.io/controller-runtime@v0.24.1/pkg/internal/controller/controller.go:305[0m[36m >[0m [1mStarting workers[0m [36mcontroller=[0mnamespacedimagevalidatingpolicy [36mcontrollerGroup=[0mpolicies.kyverno.io [36mcontrollerKind=[0mNamespacedImageValidatingPolicy [36mv=[0m0 [36mworker count=[0m1
[90m2026-10-01T04:36:13Z[0m [32mINF[0m [1msigs.k8s.io/controller-runtime@v0.24.1/pkg/internal/controller/controller.go:302[0m[36m >[0m [1mStarting Controller[0m [36mcontroller=[0mimagevalidatingpolicy [36mcontrollerGroup=[0mpolicies.kyverno.io [36mcontrollerKind=[0mImageValidatingPolicy [36mv=[0m0
[90m2026-10-01T04:36:13Z[0m [32mINF[0m [1msigs.k8s.io/controller-runtime@v0.24.1/pkg/internal/controller/controller.go:305[0m[36m >[0m [1mStarting workers[0m [36mcontroller=[0mimagevalidatingpolicy [36mcontrollerGroup=[0mpolicies.kyverno.io [36mcontrollerKind=[0mImageValidatingPolicy [36mv=[0m0 [36mworker count=[0m1
[90m2026-10-01T04:36:13Z[0m [32mINF[0m [1msigs.k8s.io/controller-runtime@v0.24.1/pkg/internal/controller/controller.go:302[0m[36m >[0m [1mStarting Controller[0m [36mcontroller=[0mnamespacedmutatingpolicy [36mcontrollerGroup=[0mpolicies.kyverno.io [36mcontrollerKind=[0mNamespacedMutatingPolicy [36mv=[0m0
[90m2026-10-01T04:36:13Z[0m [32mINF[0m [1msigs.k8s.io/controller-runtime@v0.24.1/pkg/internal/controller/controller.go:305[0m[36m >[0m [1mStarting workers[0m [36mcontroller=[0mnamespacedmutatingpolicy [36mcontrollerGroup=[0mpolicies.kyverno.io [36mcontrollerKind=[0mNamespacedMutatingPolicy [36mv=[0m0 [36mworker count=[0m1
[90m2026-10-01T04:37:25Z[0m [32mINF[0m [1mk8s.io/client-go@v0.36.3/tools/leaderelection/leaderelection.go:272[0m[36m >[0m [1mSuccessfully acquired lease[0m [36mlock=[0mkyverno/kyverno [36mlogger=[0mklog [36mv=[0m0
[90m2026-10-01T04:37:25Z[0m [34mTRC[0m [1mgithub.com/kyverno/kyverno/pkg/leaderelection/leaderelection.go:82[0m[36m >[0m started leading [36mid=[0mkyverno-admission-controller-86f655d85-nc6bt [36mlogger=[0msetup/leader-election [36mv=[0m2
[90m2026-10-01T04:37:25Z[0m [34mTRC[0m [1mgithub.com/kyverno/kyverno/cmd/kyverno/main.go:335[0m[36m >[0m MutatingAdmissionPolicy API is not registered, skipping MAP informers [36merror=[0m[31m[1m"mutating admission policy API is not registered"[0m[0m [36mv=[0m2
[90m2026-10-01T04:37:25Z[0m [34mTRC[0m [1mk8s.io/client-go@v0.36.3/tools/cache/reflector.go:507[0m[36m >[0m Caches populated [36mlogger=[0mklog [36mreflector=[0mk8s.io/client-go@v0.36.3/tools/cache/reflector.go:343 [36mtype=[0m*v1.Lease [36mv=[0m2
[90m2026-10-01T04:37:25Z[0m [34mTRC[0m [1mk8s.io/client-go@v0.36.3/tools/cache/reflector.go:507[0m[36m >[0m Caches populated [36mlogger=[0mklog [36mreflector=[0mk8s.io/client-go@v0.36.3/tools/cache/reflector.go:343 [36mtype=[0m*v1.ValidatingAdmissionPolicy [36mv=[0m2
[90m2026-10-01T04:37:25Z[0m [34mTRC[0m [1mk8s.io/client-go@v0.36.3/tools/cache/reflector.go:507[0m[36m >[0m Caches populated [36mlogger=[0mklog [36mreflector=[0mk8s.io/client-go@v0.36.3/tools/cache/reflector.go:343 [36mtype=[0m*v1beta1.MutatingPolicy [36mv=[0m2
[90m2026-10-01T04:37:25Z[0m [34mTRC[0m [1mk8s.io/client-go@v0.36.3/tools/cache/reflector.go:507[0m[36m >[0m Caches populated [36mlogger=[0mklog [36mreflector=[0mk8s.io/client-go@v0.36.3/tools/cache/reflector.go:343 [36mtype=[0m*v1beta1.NamespacedImageValidatingPolicy [36mv=[0m2
[90m2026-10-01T04:37:25Z[0m [34mTRC[0m [1mk8s.io/client-go@v0.36.3/tools/cache/reflector.go:507[0m[36m >[0m Caches populated [36mlogger=[0mklog [36mreflector=[0mk8s.io/client-go@v0.36.3/tools/cache/reflector.go:343 [36mtype=[0m*v1beta1.NamespacedValidatingPolicy [36mv=[0m2
[90m2026-10-01T04:37:25Z[0m [34mTRC[0m [1mk8s.io/client-go@v0.36.3/tools/cache/reflector.go:507[0m[36m >[0m Caches populated [36mlogger=[0mklog [36mreflector=[0mk8s.io/client-go@v0.36.3/tools/cache/reflector.go:343 [36mtype=[0m*v1.ValidatingAdmissionPolicyBinding [36mv=[0m2
[90m2026-10-01T04:37:25Z[0m [34mTRC[0m [1mk8s.io/client-go@v0.36.3/tools/cache/reflector.go:507[0m[36m >[0m Caches populated [36mlogger=[0mklog [36mreflector=[0mk8s.io/client-go@v0.36.3/tools/cache/reflector.go:343 [36mtype=[0m*v1beta1.PolicyException [36mv=[0m2
[90m2026-10-01T04:37:25Z[0m [34mTRC[0m [1mk8s.io/client-go@v0.36.3/tools/cache/reflector.go:507[0m[36m >[0m Caches populated [36mlogger=[0mklog [36mreflector=[0mk8s.io/client-go@v0.36.3/tools/cache/reflector.go:343 [36mtype=[0m*v1.ValidatingWebhookConfiguration [36mv=[0m2
[90m2026-10-01T04:37:25Z[0m [34mTRC[0m [1mk8s.io/client-go@v0.36.3/tools/cache/reflector.go:507[0m[36m >[0m Caches populated [36mlogger=[0mklog [36mreflector=[0mk8s.io/client-go@v0.36.3/tools/cache/reflector.go:343 [36mtype=[0m*v1.MutatingWebhookConfiguration [36mv=[0m2
[90m2026-10-01T04:37:25Z[0m [34mTRC[0m [1mk8s.io/client-go@v0.36.3/tools/cache/reflector.go:507[0m[36m >[0m Caches populated [36mlogger=[0mklog [36mreflector=[0mk8s.io/client-go@v0.36.3/tools/cache/reflector.go:343 [36mtype=[0m*v1beta1.NamespacedMutatingPolicy [36mv=[0m2
[90m2026-10-01T04:37:25Z[0m [34mTRC[0m [1mk8s.io/client-go@v0.36.3/tools/cache/reflector.go:507[0m[36m >[0m Caches populated [36mlogger=[0mklog [36mreflector=[0mk8s.io/client-go@v0.36.3/tools/cache/reflector.go:343 [36mtype=[0m*v1beta1.ValidatingPolicy [36mv=[0m2
[90m2026-10-01T04:37:25Z[0m [34mTRC[0m [1mgithub.com/kyverno/kyverno/pkg/controllers/admissionpolicygenerator/vpol.go:12[0m[36m >[0m validating policy created [36mkind=[0mValidatingPolicy [36mlogger=[0madmissionpolicy-generator [36mname=[0mrequire-image-digest [36muid=[0m91d6da69-c2fc-4848-ae21-4f2f406e6956 [36mv=[0m2
[90m2026-10-01T04:37:25Z[0m [34mTRC[0m [1mgithub.com/kyverno/kyverno/pkg/controllers/admissionpolicygenerator/vpol.go:12[0m[36m >[0m validating policy created [36mkind=[0mValidatingPolicy [36mlogger=[0madmissionpolicy-generator [36mname=[0mrequire-memory-limit [36muid=[0m8cbe715a-1ff1-499a-9209-0a21d41079fc [36mv=[0m2
[90m2026-10-01T04:37:25Z[0m [34mTRC[0m [1mgithub.com/kyverno/kyverno/pkg/controllers/admissionpolicygenerator/vpol.go:12[0m[36m >[0m validating policy created [36mkind=[0mValidatingPolicy [36mlogger=[0madmissionpolicy-generator [36mname=[0mrequire-memory-request [36muid=[0md1436e72-d4d6-489d-946a-355c5c0368ec [36mv=[0m2
[90m2026-10-01T04:37:25Z[0m [34mTRC[0m [1mgithub.com/kyverno/kyverno/pkg/controllers/admissionpolicygenerator/vpol.go:12[0m[36m >[0m validating policy created [36mkind=[0mValidatingPolicy [36mlogger=[0madmissionpolicy-generator [36mname=[0mrequire-namespace-environment-profile [36muid=[0m6f925deb-e677-4251-808c-cde0af623b3e [36mv=[0m2
[90m2026-10-01T04:37:25Z[0m [34mTRC[0m [1mgithub.com/kyverno/kyverno/pkg/controllers/admissionpolicygenerator/vpol.go:12[0m[36m >[0m validating policy created [36mkind=[0mValidatingPolicy [36mlogger=[0madmissionpolicy-generator [36mname=[0mrequire-owner-label [36muid=[0mf504b213-240b-4903-8e5f-5a7617d089f9 [36mv=[0m2
[90m2026-10-01T04:37:25Z[0m [34mTRC[0m [1mgithub.com/kyverno/kyverno/pkg/controllers/admissionpolicygenerator/vpol.go:12[0m[36m >[0m validating policy created [36mkind=[0mValidatingPolicy [36mlogger=[0madmissionpolicy-generator [36mname=[0mrequire-seccomp [36muid=[0m33de3a0e-0c6d-4fa8-add1-6585bd92eae2 [36mv=[0m2
[90m2026-10-01T04:37:25Z[0m [34mTRC[0m [1mgithub.com/kyverno/kyverno/pkg/controllers/admissionpolicygenerator/vpol.go:12[0m[36m >[0m validating policy created [36mkind=[0mValidatingPolicy [36mlogger=[0madmissionpolicy-generator [36mname=[0mdisallow-latest-tag [36muid=[0m16653efe-f668-465c-9d82-05cc6a34d4d5 [36mv=[0m2
[90m2026-10-01T04:37:25Z[0m [34mTRC[0m [1mgithub.com/kyverno/kyverno/pkg/controllers/admissionpolicygenerator/vpol.go:12[0m[36m >[0m validating policy created [36mkind=[0mValidatingPolicy [36mlogger=[0madmissionpolicy-generator [36mname=[0mrequire-app-label [36muid=[0m4d6e505f-6ae1-4988-b40d-ac8e515133d4 [36mv=[0m2
[90m2026-10-01T04:37:25Z[0m [34mTRC[0m [1mgithub.com/kyverno/kyverno/pkg/controllers/admissionpolicygenerator/vpol.go:12[0m[36m >[0m validating policy created [36mkind=[0mValidatingPolicy [36mlogger=[0madmissionpolicy-generator [36mname=[0mrequire-cpu-request [36muid=[0mba8686e4-54ae-434a-a341-d656363acaeb [36mv=[0m2
[90m2026-10-01T04:37:25Z[0m [34mTRC[0m [1mgithub.com/kyverno/kyverno/pkg/controllers/admissionpolicygenerator/vpol.go:12[0m[36m >[0m validating policy created [36mkind=[0mValidatingPolicy [36mlogger=[0madmissionpolicy-generator [36mname=[0mdisallow-run-as-user-zero [36muid=[0ma9bb9e7f-7a40-4b2e-b003-55d15d377a64 [36mv=[0m2
[90m2026-10-01T04:37:25Z[0m [34mTRC[0m [1mgithub.com/kyverno/kyverno/pkg/controllers/admissionpolicygenerator/vpol.go:12[0m[36m >[0m validating policy created [36mkind=[0mValidatingPolicy [36mlogger=[0madmissionpolicy-generator [36mname=[0mrequire-cpu-limit [36muid=[0mf7cc3636-5d48-451c-85ee-cd4021001eef [36mv=[0m2
[90m2026-10-01T04:37:25Z[0m [34mTRC[0m [1mk8s.io/client-go@v0.36.3/tools/cache/reflector.go:507[0m[36m >[0m Caches populated [36mlogger=[0mklog [36mreflector=[0mk8s.io/client-go@v0.36.3/tools/cache/reflector.go:343 [36mtype=[0m*v1.ClusterRole [36mv=[0m2
[90m2026-10-01T04:37:25Z[0m [34mTRC[0m [1mk8s.io/client-go@v0.36.3/tools/cache/reflector.go:507[0m[36m >[0m Caches populated [36mlogger=[0mklog [36mreflector=[0mk8s.io/client-go@v0.36.3/tools/cache/reflector.go:343 [36mtype=[0m*v1beta1.ImageValidatingPolicy [36mv=[0m2
[90m2026-10-01T04:37:25Z[0m [34mTRC[0m [1mgithub.com/kyverno/kyverno/cmd/internal/controller.go:32[0m[36m >[0m starting controller [36mlogger=[0msetup/leader/controllers [36mname=[0mexception-webhook-controller [36mv=[0m2 [36mworkers=[0m1
[90m2026-10-01T04:37:25Z[0m [34mTRC[0m [1mgithub.com/kyverno/kyverno/cmd/internal/controller.go:32[0m[36m >[0m starting controller [36mlogger=[0msetup/leader/controllers [36mname=[0mglobal-context-webhook-controller [36mv=[0m2 [36mworkers=[0m1
[90m2026-10-01T04:37:25Z[0m [34mTRC[0m [1mgithub.com/kyverno/kyverno/cmd/internal/controller.go:32[0m[36m >[0m starting controller [36mlogger=[0msetup/leader/controllers [36mname=[0mstatus-controller [36mv=[0m2 [36mworkers=[0m3
[90m2026-10-01T04:37:25Z[0m [34mTRC[0m [1mgithub.com/kyverno/kyverno/cmd/internal/controller.go:32[0m[36m >[0m starting controller [36mlogger=[0msetup/leader/controllers [36mname=[0mcelexception-webhook-controller [36mv=[0m2 [36mworkers=[0m1
[90m2026-10-01T04:37:25Z[0m [34mTRC[0m [1mgithub.com/kyverno/kyverno/cmd/internal/controller.go:32[0m[36m >[0m starting controller [36mlogger=[0msetup/leader/controllers [36mname=[0mcertmanager-controller [36mv=[0m2 [36mworkers=[0m1
[90m2026-10-01T04:37:25Z[0m [34mTRC[0m [1mgithub.com/kyverno/kyverno/cmd/internal/controller.go:32[0m[36m >[0m starting controller [36mlogger=[0msetup/leader/controllers [36mname=[0mwebhook-controller [36mv=[0m2 [36mworkers=[0m2
[90m2026-10-01T04:37:25Z[0m [34mTRC[0m [1mgithub.com/kyverno/kyverno/cmd/internal/controller.go:32[0m[36m >[0m starting controller [36mlogger=[0msetup/leader/controllers [36mname=[0madmissionpolicy-generator [36mv=[0m2 [36mworkers=[0m2
[90m2026-10-01T04:37:25Z[0m [34mTRC[0m [1mgithub.com/kyverno/kyverno/pkg/utils/controller/run.go:20[0m[36m >[0m starting ... [36mlogger=[0madmissionpolicy-generator [36mv=[0m2
[90m2026-10-01T04:37:25Z[0m [34mTRC[0m [1mgithub.com/kyverno/kyverno/pkg/utils/runtime/utils.go:71[0m[36m >[0m detect Kyverno is in rolling update, won't trigger the update again [36mlogger=[0msetup/runtime-checks [36mv=[0m2
[90m2026-10-01T04:37:25Z[0m [34mTRC[0m [1mgithub.com/kyverno/kyverno/pkg/utils/runtime/utils.go:71[0m[36m >[0m detect Kyverno is in rolling update, won't trigger the update again [36mlogger=[0msetup/runtime-checks [36mv=[0m2
[90m2026-10-01T04:37:26Z[0m [34mTRC[0m [1mgithub.com/kyverno/kyverno/pkg/utils/runtime/utils.go:71[0m[36m >[0m detect Kyverno is in rolling update, won't trigger the update again [36mlogger=[0msetup/runtime-checks [36mv=[0m2
[90m2026-10-01T04:37:26Z[0m [34mTRC[0m [1mgithub.com/kyverno/kyverno/pkg/utils/runtime/utils.go:71[0m[36m >[0m detect Kyverno is in rolling update, won't trigger the update again [36mlogger=[0msetup/runtime-checks [36mv=[0m2
[90m2026-10-01T04:37:27Z[0m [34mTRC[0m [1mgithub.com/kyverno/kyverno/pkg/utils/runtime/utils.go:71[0m[36m >[0m detect Kyverno is in rolling update, won't trigger the update again [36mlogger=[0msetup/runtime-checks [36mv=[0m2
[90m2026-10-01T04:37:27Z[0m [34mTRC[0m [1mgithub.com/kyverno/kyverno/pkg/utils/runtime/utils.go:71[0m[36m >[0m detect Kyverno is in rolling update, won't trigger the update again [36mlogger=[0msetup/runtime-checks [36mv=[0m2
[90m2026-10-01T04:37:28Z[0m [34mTRC[0m [1mgithub.com/kyverno/kyverno/pkg/utils/runtime/utils.go:71[0m[36m >[0m detect Kyverno is in rolling update, won't trigger the update again [36mlogger=[0msetup/runtime-checks [36mv=[0m2
[90m2026-10-01T04:37:28Z[0m [34mTRC[0m [1mgithub.com/kyverno/kyverno/pkg/utils/runtime/utils.go:71[0m[36m >[0m detect Kyverno is in rolling update, won't trigger the update again [36mlogger=[0msetup/runtime-checks [36mv=[0m2
[90m2026-10-01T04:37:29Z[0m [34mTRC[0m [1mgithub.com/kyverno/kyverno/pkg/utils/runtime/utils.go:71[0m[36m >[0m detect Kyverno is in rolling update, won't trigger the update again [36mlogger=[0msetup/runtime-checks [36mv=[0m2
[90m2026-10-01T04:37:29Z[0m [34mTRC[0m [1mgithub.com/kyverno/kyverno/pkg/utils/runtime/utils.go:71[0m[36m >[0m detect Kyverno is in rolling update, won't trigger the update again [36mlogger=[0msetup/runtime-checks [36mv=[0m2
[90m2026-10-01T04:37:30Z[0m [34mTRC[0m [1mgithub.com/kyverno/kyverno/pkg/utils/runtime/utils.go:71[0m[36m >[0m detect Kyverno is in rolling update, won't trigger the update again [36mlogger=[0msetup/runtime-checks [36mv=[0m2
[90m2026-10-01T04:37:30Z[0m [34mTRC[0m [1mgithub.com/kyverno/kyverno/pkg/utils/runtime/utils.go:71[0m[36m >[0m detect Kyverno is in rolling update, won't trigger the update again [36mlogger=[0msetup/runtime-checks [36mv=[0m2
[90m2026-10-01T04:37:31Z[0m [34mTRC[0m [1mgithub.com/kyverno/kyverno/pkg/utils/runtime/utils.go:71[0m[36m >[0m detect Kyverno is in rolling update, won't trigger the update again [36mlogger=[0msetup/runtime-checks [36mv=[0m2
[90m2026-10-01T04:37:31Z[0m [34mTRC[0m [1mgithub.com/kyverno/kyverno/pkg/utils/runtime/utils.go:71[0m[36m >[0m detect Kyverno is in rolling update, won't trigger the update again [36mlogger=[0msetup/runtime-checks [36mv=[0m2
[90m2026-10-01T04:37:32Z[0m [34mTRC[0m [1mgithub.com/kyverno/kyverno/pkg/utils/runtime/utils.go:71[0m[36m >[0m detect Kyverno is in rolling update, won't trigger the update again [36mlogger=[0msetup/runtime-checks [36mv=[0m2
[90m2026-10-01T04:37:32Z[0m [34mTRC[0m [1mgithub.com/kyverno/kyverno/pkg/utils/runtime/utils.go:71[0m[36m >[0m detect Kyverno is in rolling update, won't trigger the update again [36mlogger=[0msetup/runtime-checks [36mv=[0m2
[90m2026-10-01T04:37:33Z[0m [34mTRC[0m [1mgithub.com/kyverno/kyverno/pkg/utils/runtime/utils.go:71[0m[36m >[0m detect Kyverno is in rolling update, won't trigger the update again [36mlogger=[0msetup/runtime-checks [36mv=[0m2
[90m2026-10-01T04:37:33Z[0m [34mTRC[0m [1mgithub.com/kyverno/kyverno/pkg/utils/runtime/utils.go:71[0m[36m >[0m detect Kyverno is in rolling update, won't trigger the update again [36mlogger=[0msetup/runtime-checks [36mv=[0m2
[90m2026-10-01T04:37:34Z[0m [34mTRC[0m [1mgithub.com/kyverno/kyverno/pkg/utils/runtime/utils.go:71[0m[36m >[0m detect Kyverno is in rolling update, won't trigger the update again [36mlogger=[0msetup/runtime-checks [36mv=[0m2
[90m2026-10-01T04:37:34Z[0m [34mTRC[0m [1mgithub.com/kyverno/kyverno/pkg/utils/runtime/utils.go:71[0m[36m >[0m detect Kyverno is in rolling update, won't trigger the update again [36mlogger=[0msetup/runtime-checks [36mv=[0m2
[90m2026-10-01T04:37:35Z[0m [34mTRC[0m [1mgithub.com/kyverno/kyverno/pkg/utils/runtime/utils.go:71[0m[36m >[0m detect Kyverno is in rolling update, won't trigger the update again [36mlogger=[0msetup/runtime-checks [36mv=[0m2
[90m2026-10-01T04:37:35Z[0m [34mTRC[0m [1mgithub.com/kyverno/kyverno/pkg/utils/runtime/utils.go:71[0m[36m >[0m detect Kyverno is in rolling update, won't trigger the update again [36mlogger=[0msetup/runtime-checks [36mv=[0m2
[90m2026-10-01T04:37:36Z[0m [34mTRC[0m [1mgithub.com/kyverno/kyverno/pkg/utils/runtime/utils.go:71[0m[36m >[0m detect Kyverno is in rolling update, won't trigger the update again [36mlogger=[0msetup/runtime-checks [36mv=[0m2
[90m2026-10-01T04:37:36Z[0m [34mTRC[0m [1mgithub.com/kyverno/kyverno/pkg/utils/runtime/utils.go:71[0m[36m >[0m detect Kyverno is in rolling update, won't trigger the update again [36mlogger=[0msetup/runtime-checks [36mv=[0m2
[90m2026-10-01T04:38:00Z[0m [34mTRC[0m [1mgithub.com/kyverno/kyverno/pkg/image/verifiers/ivpol/cosign/verifier.go:77[0m[36m >[0m verifying cosign image signature [36mattestor=[0mcosign [36mdigest=[0msha256:d3cceba7c741dcad03b828b0b197512741f3fa79b3441a4bfbf839ac9d45f09d [36mimage=[0mharbor-public:30003/ksp-test/ksp-tools@sha256:d3cceba7c741dcad03b828b0b197512741f3fa79b3441a4bfbf839ac9d45f09d [36mlogger=[0mCosign [36mv=[0m2
[90m2026-10-01T04:42:04Z[0m [32mINF[0m [1mk8s.io/client-go@v0.36.3/rest/warnings.go:107[0m[36m >[0m [1mWarning: kyverno.io/v1 Policy is deprecated and will be removed in a future release; migrate to NamespacedValidatingPolicy and the other namespaced policy types (policies.kyverno.io), see https://kyverno.io/docs/guides/migration-to-cel/[0m [36mlogger=[0mklog [36mv=[0m0
[90m2026-10-01T04:42:22Z[0m [32mINF[0m [1mk8s.io/client-go@v0.36.3/rest/warnings.go:107[0m[36m >[0m [1mWarning: kyverno.io/v1 ClusterPolicy is deprecated and will be removed in a future release; migrate to ValidatingPolicy, MutatingPolicy, GeneratingPolicy or ImageValidatingPolicy (policies.kyverno.io), see https://kyverno.io/docs/guides/migration-to-cel/[0m [36mlogger=[0mklog [36mv=[0m0
[90m2026-10-01T04:44:45Z[0m [32mINF[0m [1mk8s.io/client-go@v0.36.3/rest/warnings.go:107[0m[36m >[0m [1mWarning: kyverno.io/v2 PolicyException is deprecated and will be removed in a future release; migrate to PolicyException (policies.kyverno.io), see https://kyverno.io/docs/guides/migration-to-cel/[0m [36mlogger=[0mklog [36mv=[0m0
[90m2026-10-01T04:45:17Z[0m [31mERR[0m [1mgithub.com/kyverno/kyverno/pkg/cel/engine/namespace.go:32[0m[36m >[0m [1mfailed to resolve namespace, namespaceObject will be null[0m [36merror=[0m[31m[1m"namespaces \"ft-reg-005\" not found"[0m[0m [36mlogger=[0msetup/ns-resolver [36mnamespace=[0mft-reg-005
[90m2026-10-01T04:50:11Z[0m [32mINF[0m [1mk8s.io/client-go@v0.36.3/rest/warnings.go:107[0m[36m >[0m [1mWarning: kyverno.io/v2 PolicyException is deprecated and will be removed in a future release; migrate to PolicyException (policies.kyverno.io), see https://kyverno.io/docs/guides/migration-to-cel/[0m [36mlogger=[0mklog [36mv=[0m0
[90m2026-10-01T04:50:30Z[0m [32mINF[0m [1mk8s.io/client-go@v0.36.3/rest/warnings.go:107[0m[36m >[0m [1mWarning: kyverno.io/v1 ClusterPolicy is deprecated and will be removed in a future release; migrate to ValidatingPolicy, MutatingPolicy, GeneratingPolicy or ImageValidatingPolicy (policies.kyverno.io), see https://kyverno.io/docs/guides/migration-to-cel/[0m [36mlogger=[0mklog [36mv=[0m0
[90m2026-10-01T04:50:49Z[0m [32mINF[0m [1mk8s.io/client-go@v0.36.3/rest/warnings.go:107[0m[36m >[0m [1mWarning: kyverno.io/v1 Policy is deprecated and will be removed in a future release; migrate to NamespacedValidatingPolicy and the other namespaced policy types (policies.kyverno.io), see https://kyverno.io/docs/guides/migration-to-cel/[0m [36mlogger=[0mklog [36mv=[0m0
[90m2026-10-01T04:56:33Z[0m [32mINF[0m [1mk8s.io/client-go@v0.36.3/rest/warnings.go:107[0m[36m >[0m [1mWarning: kyverno.io/v2 PolicyException is deprecated and will be removed in a future release; migrate to PolicyException (policies.kyverno.io), see https://kyverno.io/docs/guides/migration-to-cel/[0m [36mlogger=[0mklog [36mv=[0m0
[90m2026-10-01T04:59:05Z[0m [32mINF[0m [1mk8s.io/client-go@v0.36.3/rest/warnings.go:107[0m[36m >[0m [1mWarning: kyverno.io/v1 ClusterPolicy is deprecated and will be removed in a future release; migrate to ValidatingPolicy, MutatingPolicy, GeneratingPolicy or ImageValidatingPolicy (policies.kyverno.io), see https://kyverno.io/docs/guides/migration-to-cel/[0m [36mlogger=[0mklog [36mv=[0m0
[90m2026-10-01T04:59:19Z[0m [32mINF[0m [1mk8s.io/client-go@v0.36.3/rest/warnings.go:107[0m[36m >[0m [1mWarning: kyverno.io/v1 Policy is deprecated and will be removed in a future release; migrate to NamespacedValidatingPolicy and the other namespaced policy types (policies.kyverno.io), see https://kyverno.io/docs/guides/migration-to-cel/[0m [36mlogger=[0mklog [36mv=[0m0
[90m2026-10-01T05:02:23Z[0m [32mINF[0m [1mk8s.io/client-go@v0.36.3/rest/warnings.go:107[0m[36m >[0m [1mWarning: kyverno.io/v2 PolicyException is deprecated and will be removed in a future release; migrate to PolicyException (policies.kyverno.io), see https://kyverno.io/docs/guides/migration-to-cel/[0m [36mlogger=[0mklog [36mv=[0m0
[90m2026-10-01T05:04:54Z[0m [32mINF[0m [1mk8s.io/client-go@v0.36.3/rest/warnings.go:107[0m[36m >[0m [1mWarning: kyverno.io/v1 ClusterPolicy is deprecated and will be removed in a future release; migrate to ValidatingPolicy, MutatingPolicy, GeneratingPolicy or ImageValidatingPolicy (policies.kyverno.io), see https://kyverno.io/docs/guides/migration-to-cel/[0m [36mlogger=[0mklog [36mv=[0m0
[90m2026-10-01T05:05:44Z[0m [32mINF[0m [1mk8s.io/client-go@v0.36.3/rest/warnings.go:107[0m[36m >[0m [1mWarning: kyverno.io/v1 Policy is deprecated and will be removed in a future release; migrate to NamespacedValidatingPolicy and the other namespaced policy types (policies.kyverno.io), see https://kyverno.io/docs/guides/migration-to-cel/[0m [36mlogger=[0mklog [36mv=[0m0
[90m2026-10-01T05:10:48Z[0m [32mINF[0m [1mk8s.io/client-go@v0.36.3/rest/warnings.go:107[0m[36m >[0m [1mWarning: kyverno.io/v2 PolicyException is deprecated and will be removed in a future release; migrate to PolicyException (policies.kyverno.io), see https://kyverno.io/docs/guides/migration-to-cel/[0m [36mlogger=[0mklog [36mv=[0m0
[90m2026-10-01T05:11:19Z[0m [32mINF[0m [1mk8s.io/client-go@v0.36.3/rest/warnings.go:107[0m[36m >[0m [1mWarning: kyverno.io/v1 ClusterPolicy is deprecated and will be removed in a future release; migrate to ValidatingPolicy, MutatingPolicy, GeneratingPolicy or ImageValidatingPolicy (policies.kyverno.io), see https://kyverno.io/docs/guides/migration-to-cel/[0m [36mlogger=[0mklog [36mv=[0m0
[90m2026-10-01T05:11:41Z[0m [32mINF[0m [1mk8s.io/client-go@v0.36.3/rest/warnings.go:107[0m[36m >[0m [1mWarning: kyverno.io/v1 Policy is deprecated and will be removed in a future release; migrate to NamespacedValidatingPolicy and the other namespaced policy types (policies.kyverno.io), see https://kyverno.io/docs/guides/migration-to-cel/[0m [36mlogger=[0mklog [36mv=[0m0
[90m2026-10-01T05:17:02Z[0m [32mINF[0m [1mk8s.io/client-go@v0.36.3/rest/warnings.go:107[0m[36m >[0m [1mWarning: kyverno.io/v1 ClusterPolicy is deprecated and will be removed in a future release; migrate to ValidatingPolicy, MutatingPolicy, GeneratingPolicy or ImageValidatingPolicy (policies.kyverno.io), see https://kyverno.io/docs/guides/migration-to-cel/[0m [36mlogger=[0mklog [36mv=[0m0
[90m2026-10-01T05:18:40Z[0m [32mINF[0m [1mk8s.io/client-go@v0.36.3/rest/warnings.go:107[0m[36m >[0m [1mWarning: kyverno.io/v2 PolicyException is deprecated and will be removed in a future release; migrate to PolicyException (policies.kyverno.io), see https://kyverno.io/docs/guides/migration-to-cel/[0m [36mlogger=[0mklog [36mv=[0m0
[90m2026-10-01T05:21:35Z[0m [32mINF[0m [1mk8s.io/client-go@v0.36.3/rest/warnings.go:107[0m[36m >[0m [1mWarning: kyverno.io/v1 Policy is deprecated and will be removed in a future release; migrate to NamespacedValidatingPolicy and the other namespaced policy types (policies.kyverno.io), see https://kyverno.io/docs/guides/migration-to-cel/[0m [36mlogger=[0mklog [36mv=[0m0
[90m2026-10-01T05:22:06Z[0m [32mINF[0m [1mk8s.io/client-go@v0.36.3/rest/warnings.go:107[0m[36m >[0m [1mWarning: kyverno.io/v1 ClusterPolicy is deprecated and will be removed in a future release; migrate to ValidatingPolicy, MutatingPolicy, GeneratingPolicy or ImageValidatingPolicy (policies.kyverno.io), see https://kyverno.io/docs/guides/migration-to-cel/[0m [36mlogger=[0mklog [36mv=[0m0
[90m2026-10-01T05:25:07Z[0m [32mINF[0m [1mk8s.io/client-go@v0.36.3/rest/warnings.go:107[0m[36m >[0m [1mWarning: kyverno.io/v2 PolicyException is deprecated and will be removed in a future release; migrate to PolicyException (policies.kyverno.io), see https://kyverno.io/docs/guides/migration-to-cel/[0m [36mlogger=[0mklog [36mv=[0m0
[90m2026-10-01T05:28:16Z[0m [32mINF[0m [1mk8s.io/client-go@v0.36.3/rest/warnings.go:107[0m[36m >[0m [1mWarning: kyverno.io/v1 ClusterPolicy is deprecated and will be removed in a future release; migrate to ValidatingPolicy, MutatingPolicy, GeneratingPolicy or ImageValidatingPolicy (policies.kyverno.io), see https://kyverno.io/docs/guides/migration-to-cel/[0m [36mlogger=[0mklog [36mv=[0m0
[90m2026-10-01T05:28:43Z[0m [32mINF[0m [1mk8s.io/client-go@v0.36.3/rest/warnings.go:107[0m[36m >[0m [1mWarning: kyverno.io/v1 Policy is deprecated and will be removed in a future release; migrate to NamespacedValidatingPolicy and the other namespaced policy types (policies.kyverno.io), see https://kyverno.io/docs/guides/migration-to-cel/[0m [36mlogger=[0mklog [36mv=[0m0
[90m2026-10-01T05:32:04Z[0m [32mINF[0m [1mk8s.io/client-go@v0.36.3/rest/warnings.go:107[0m[36m >[0m [1mWarning: kyverno.io/v2 PolicyException is deprecated and will be removed in a future release; migrate to PolicyException (policies.kyverno.io), see https://kyverno.io/docs/guides/migration-to-cel/[0m [36mlogger=[0mklog [36mv=[0m0
[90m2026-10-01T05:34:51Z[0m [32mINF[0m [1mk8s.io/client-go@v0.36.3/rest/warnings.go:107[0m[36m >[0m [1mWarning: kyverno.io/v1 Policy is deprecated and will be removed in a future release; migrate to NamespacedValidatingPolicy and the other namespaced policy types (policies.kyverno.io), see https://kyverno.io/docs/guides/migration-to-cel/[0m [36mlogger=[0mklog [36mv=[0m0
[90m2026-10-01T05:35:23Z[0m [34mTRC[0m [1mk8s.io/client-go@v0.36.3/tools/leaderelection/leaderelection.go:454[0m[36m >[0m Failed to update lease optimistically, falling back to slow path [36merr=[0m"Put \"https://10.96.0.1:443/apis/coordination.k8s.io/v1/namespaces/kyverno/leases/kyverno\": read tcp 10.244.212.69:46288->10.96.0.1:443: read: connection reset by peer" [36mlock=[0mkyverno/kyverno [36mlogger=[0mklog [36mv=[0m2
[90m2026-10-01T05:35:23Z[0m [32mINF[0m [1mk8s.io/client-go@v0.36.3/rest/warnings.go:107[0m[36m >[0m [1mWarning: kyverno.io/v2 PolicyException is deprecated and will be removed in a future release; migrate to PolicyException (policies.kyverno.io), see https://kyverno.io/docs/guides/migration-to-cel/[0m [36mlogger=[0mklog [36mv=[0m0
[90m2026-10-01T05:35:23Z[0m [32mINF[0m [1mk8s.io/client-go@v0.36.3/rest/warnings.go:107[0m[36m >[0m [1mWarning: kyverno.io/v1 Policy is deprecated and will be removed in a future release; migrate to NamespacedValidatingPolicy and the other namespaced policy types (policies.kyverno.io), see https://kyverno.io/docs/guides/migration-to-cel/[0m [36mlogger=[0mklog [36mv=[0m0
[90m2026-10-01T05:35:23Z[0m [32mINF[0m [1mk8s.io/client-go@v0.36.3/rest/warnings.go:107[0m[36m >[0m [1mWarning: kyverno.io/v1 ClusterPolicy is deprecated and will be removed in a future release; migrate to ValidatingPolicy, MutatingPolicy, GeneratingPolicy or ImageValidatingPolicy (policies.kyverno.io), see https://kyverno.io/docs/guides/migration-to-cel/[0m [36mlogger=[0mklog [36mv=[0m0
[90m2026-10-01T05:40:31Z[0m [32mINF[0m [1mk8s.io/client-go@v0.36.3/rest/warnings.go:107[0m[36m >[0m [1mWarning: kyverno.io/v2 PolicyException is deprecated and will be removed in a future release; migrate to PolicyException (policies.kyverno.io), see https://kyverno.io/docs/guides/migration-to-cel/[0m [36mlogger=[0mklog [36mv=[0m0
[90m2026-10-01T05:43:02Z[0m [32mINF[0m [1mk8s.io/client-go@v0.36.3/rest/warnings.go:107[0m[36m >[0m [1mWarning: kyverno.io/v1 Policy is deprecated and will be removed in a future release; migrate to NamespacedValidatingPolicy and the other namespaced policy types (policies.kyverno.io), see https://kyverno.io/docs/guides/migration-to-cel/[0m [36mlogger=[0mklog [36mv=[0m0
[90m2026-10-01T05:43:13Z[0m [32mINF[0m [1mk8s.io/client-go@v0.36.3/rest/warnings.go:107[0m[36m >[0m [1mWarning: kyverno.io/v1 ClusterPolicy is deprecated and will be removed in a future release; migrate to ValidatingPolicy, MutatingPolicy, GeneratingPolicy or ImageValidatingPolicy (policies.kyverno.io), see https://kyverno.io/docs/guides/migration-to-cel/[0m [36mlogger=[0mklog [36mv=[0m0
[90m2026-10-01T05:46:07Z[0m [32mINF[0m [1mk8s.io/client-go@v0.36.3/rest/warnings.go:107[0m[36m >[0m [1mWarning: kyverno.io/v2 PolicyException is deprecated and will be removed in a future release; migrate to PolicyException (policies.kyverno.io), see https://kyverno.io/docs/guides/migration-to-cel/[0m [36mlogger=[0mklog [36mv=[0m0
[90m2026-10-01T05:49:00Z[0m [32mINF[0m [1mk8s.io/client-go@v0.36.3/rest/warnings.go:107[0m[36m >[0m [1mWarning: kyverno.io/v1 Policy is deprecated and will be removed in a future release; migrate to NamespacedValidatingPolicy and the other namespaced policy types (policies.kyverno.io), see https://kyverno.io/docs/guides/migration-to-cel/[0m [36mlogger=[0mklog [36mv=[0m0
[90m2026-10-01T05:52:05Z[0m [32mINF[0m [1mk8s.io/client-go@v0.36.3/rest/warnings.go:107[0m[36m >[0m [1mWarning: kyverno.io/v1 ClusterPolicy is deprecated and will be removed in a future release; migrate to ValidatingPolicy, MutatingPolicy, GeneratingPolicy or ImageValidatingPolicy (policies.kyverno.io), see https://kyverno.io/docs/guides/migration-to-cel/[0m [36mlogger=[0mklog [36mv=[0m0
[90m2026-10-01T05:53:41Z[0m [32mINF[0m [1mk8s.io/client-go@v0.36.3/rest/warnings.go:107[0m[36m >[0m [1mWarning: kyverno.io/v2 PolicyException is deprecated and will be removed in a future release; migrate to PolicyException (policies.kyverno.io), see https://kyverno.io/docs/guides/migration-to-cel/[0m [36mlogger=[0mklog [36mv=[0m0
[90m2026-10-01T05:58:51Z[0m [32mINF[0m [1mk8s.io/client-go@v0.36.3/rest/warnings.go:107[0m[36m >[0m [1mWarning: kyverno.io/v1 Policy is deprecated and will be removed in a future release; migrate to NamespacedValidatingPolicy and the other namespaced policy types (policies.kyverno.io), see https://kyverno.io/docs/guides/migration-to-cel/[0m [36mlogger=[0mklog [36mv=[0m0
[90m2026-10-01T06:00:31Z[0m [32mINF[0m [1mk8s.io/client-go@v0.36.3/rest/warnings.go:107[0m[36m >[0m [1mWarning: kyverno.io/v1 ClusterPolicy is deprecated and will be removed in a future release; migrate to ValidatingPolicy, MutatingPolicy, GeneratingPolicy or ImageValidatingPolicy (policies.kyverno.io), see https://kyverno.io/docs/guides/migration-to-cel/[0m [36mlogger=[0mklog [36mv=[0m0
[90m2026-10-01T06:01:35Z[0m [32mINF[0m [1mk8s.io/client-go@v0.36.3/rest/warnings.go:107[0m[36m >[0m [1mWarning: kyverno.io/v2 PolicyException is deprecated and will be removed in a future release; migrate to PolicyException (policies.kyverno.io), see https://kyverno.io/docs/guides/migration-to-cel/[0m [36mlogger=[0mklog [36mv=[0m0
[90m2026-10-01T06:05:23Z[0m [32mINF[0m [1mk8s.io/client-go@v0.36.3/rest/warnings.go:107[0m[36m >[0m [1mWarning: kyverno.io/v1 Policy is deprecated and will be removed in a future release; migrate to NamespacedValidatingPolicy and the other namespaced policy types (policies.kyverno.io), see https://kyverno.io/docs/guides/migration-to-cel/[0m [36mlogger=[0mklog [36mv=[0m0
[90m2026-10-01T06:07:45Z[0m [32mINF[0m [1mk8s.io/client-go@v0.36.3/rest/warnings.go:107[0m[36m >[0m [1mWarning: kyverno.io/v1 ClusterPolicy is deprecated and will be removed in a future release; migrate to ValidatingPolicy, MutatingPolicy, GeneratingPolicy or ImageValidatingPolicy (policies.kyverno.io), see https://kyverno.io/docs/guides/migration-to-cel/[0m [36mlogger=[0mklog [36mv=[0m0
[90m2026-10-01T06:08:58Z[0m [32mINF[0m [1mk8s.io/client-go@v0.36.3/rest/warnings.go:107[0m[36m >[0m [1mWarning: kyverno.io/v2 PolicyException is deprecated and will be removed in a future release; migrate to PolicyException (policies.kyverno.io), see https://kyverno.io/docs/guides/migration-to-cel/[0m [36mlogger=[0mklog [36mv=[0m0
[90m2026-10-01T06:14:07Z[0m [32mINF[0m [1mk8s.io/client-go@v0.36.3/rest/warnings.go:107[0m[36m >[0m [1mWarning: kyverno.io/v1 Policy is deprecated and will be removed in a future release; migrate to NamespacedValidatingPolicy and the other namespaced policy types (policies.kyverno.io), see https://kyverno.io/docs/guides/migration-to-cel/[0m [36mlogger=[0mklog [36mv=[0m0
[90m2026-10-01T06:15:05Z[0m [32mINF[0m [1mk8s.io/client-go@v0.36.3/rest/warnings.go:107[0m[36m >[0m [1mWarning: kyverno.io/v2 PolicyException is deprecated and will be removed in a future release; migrate to PolicyException (policies.kyverno.io), see https://kyverno.io/docs/guides/migration-to-cel/[0m [36mlogger=[0mklog [36mv=[0m0
[90m2026-10-01T06:17:27Z[0m [32mINF[0m [1mk8s.io/client-go@v0.36.3/rest/warnings.go:107[0m[36m >[0m [1mWarning: kyverno.io/v1 ClusterPolicy is deprecated and will be removed in a future release; migrate to ValidatingPolicy, MutatingPolicy, GeneratingPolicy or ImageValidatingPolicy (policies.kyverno.io), see https://kyverno.io/docs/guides/migration-to-cel/[0m [36mlogger=[0mklog [36mv=[0m0
[90m2026-10-01T06:20:32Z[0m [32mINF[0m [1mk8s.io/client-go@v0.36.3/rest/warnings.go:107[0m[36m >[0m [1mWarning: kyverno.io/v2 PolicyException is deprecated and will be removed in a future release; migrate to PolicyException (policies.kyverno.io), see https://kyverno.io/docs/guides/migration-to-cel/[0m [36mlogger=[0mklog [36mv=[0m0
[90m2026-10-01T06:21:41Z[0m [32mINF[0m [1mk8s.io/client-go@v0.36.3/rest/warnings.go:107[0m[36m >[0m [1mWarning: kyverno.io/v1 Policy is deprecated and will be removed in a future release; migrate to NamespacedValidatingPolicy and the other namespaced policy types (policies.kyverno.io), see https://kyverno.io/docs/guides/migration-to-cel/[0m [36mlogger=[0mklog [36mv=[0m0
[90m2026-10-01T06:23:05Z[0m [32mINF[0m [1mk8s.io/client-go@v0.36.3/rest/warnings.go:107[0m[36m >[0m [1mWarning: kyverno.io/v1 ClusterPolicy is deprecated and will be removed in a future release; migrate to ValidatingPolicy, MutatingPolicy, GeneratingPolicy or ImageValidatingPolicy (policies.kyverno.io), see https://kyverno.io/docs/guides/migration-to-cel/[0m [36mlogger=[0mklog [36mv=[0m0
[90m2026-10-01T06:27:08Z[0m [32mINF[0m [1mk8s.io/client-go@v0.36.3/rest/warnings.go:107[0m[36m >[0m [1mWarning: kyverno.io/v1 Policy is deprecated and will be removed in a future release; migrate to NamespacedValidatingPolicy and the other namespaced policy types (policies.kyverno.io), see https://kyverno.io/docs/guides/migration-to-cel/[0m [36mlogger=[0mklog [36mv=[0m0
[90m2026-10-01T06:28:17Z[0m [32mINF[0m [1mk8s.io/client-go@v0.36.3/rest/warnings.go:107[0m[36m >[0m [1mWarning: kyverno.io/v1 ClusterPolicy is deprecated and will be removed in a future release; migrate to ValidatingPolicy, MutatingPolicy, GeneratingPolicy or ImageValidatingPolicy (policies.kyverno.io), see https://kyverno.io/docs/guides/migration-to-cel/[0m [36mlogger=[0mklog [36mv=[0m0
[90m2026-10-01T06:30:04Z[0m [32mINF[0m [1mk8s.io/client-go@v0.36.3/rest/warnings.go:107[0m[36m >[0m [1mWarning: kyverno.io/v2 PolicyException is deprecated and will be removed in a future release; migrate to PolicyException (policies.kyverno.io), see https://kyverno.io/docs/guides/migration-to-cel/[0m [36mlogger=[0mklog [36mv=[0m0
[90m2026-10-01T06:33:34Z[0m [32mINF[0m [1mk8s.io/client-go@v0.36.3/rest/warnings.go:107[0m[36m >[0m [1mWarning: kyverno.io/v1 ClusterPolicy is deprecated and will be removed in a future release; migrate to ValidatingPolicy, MutatingPolicy, GeneratingPolicy or ImageValidatingPolicy (policies.kyverno.io), see https://kyverno.io/docs/guides/migration-to-cel/[0m [36mlogger=[0mklog [36mv=[0m0
[90m2026-10-01T06:35:38Z[0m [32mINF[0m [1mk8s.io/client-go@v0.36.3/rest/warnings.go:107[0m[36m >[0m [1mWarning: kyverno.io/v1 Policy is deprecated and will be removed in a future release; migrate to NamespacedValidatingPolicy and the other namespaced policy types (policies.kyverno.io), see https://kyverno.io/docs/guides/migration-to-cel/[0m [36mlogger=[0mklog [36mv=[0m0
[90m2026-10-01T06:38:37Z[0m [32mINF[0m [1mk8s.io/client-go@v0.36.3/rest/warnings.go:107[0m[36m >[0m [1mWarning: kyverno.io/v1 ClusterPolicy is deprecated and will be removed in a future release; migrate to ValidatingPolicy, MutatingPolicy, GeneratingPolicy or ImageValidatingPolicy (policies.kyverno.io), see https://kyverno.io/docs/guides/migration-to-cel/[0m [36mlogger=[0mklog [36mv=[0m0
[90m2026-10-01T06:38:57Z[0m [32mINF[0m [1mk8s.io/client-go@v0.36.3/rest/warnings.go:107[0m[36m >[0m [1mWarning: kyverno.io/v2 PolicyException is deprecated and will be removed in a future release; migrate to PolicyException (policies.kyverno.io), see https://kyverno.io/docs/guides/migration-to-cel/[0m [36mlogger=[0mklog [36mv=[0m0
[90m2026-10-01T06:41:20Z[0m [32mINF[0m [1mk8s.io/client-go@v0.36.3/rest/warnings.go:107[0m[36m >[0m [1mWarning: kyverno.io/v1 Policy is deprecated and will be removed in a future release; migrate to NamespacedValidatingPolicy and the other namespaced policy types (policies.kyverno.io), see https://kyverno.io/docs/guides/migration-to-cel/[0m [36mlogger=[0mklog [36mv=[0m0
[90m2026-10-01T06:46:53Z[0m [32mINF[0m [1mk8s.io/client-go@v0.36.3/rest/warnings.go:107[0m[36m >[0m [1mWarning: kyverno.io/v1 Policy is deprecated and will be removed in a future release; migrate to NamespacedValidatingPolicy and the other namespaced policy types (policies.kyverno.io), see https://kyverno.io/docs/guides/migration-to-cel/[0m [36mlogger=[0mklog [36mv=[0m0
[90m2026-10-01T06:47:21Z[0m [32mINF[0m [1mk8s.io/client-go@v0.36.3/rest/warnings.go:107[0m[36m >[0m [1mWarning: kyverno.io/v1 ClusterPolicy is deprecated and will be removed in a future release; migrate to ValidatingPolicy, MutatingPolicy, GeneratingPolicy or ImageValidatingPolicy (policies.kyverno.io), see https://kyverno.io/docs/guides/migration-to-cel/[0m [36mlogger=[0mklog [36mv=[0m0
[90m2026-10-01T06:48:39Z[0m [32mINF[0m [1mk8s.io/client-go@v0.36.3/rest/warnings.go:107[0m[36m >[0m [1mWarning: kyverno.io/v2 PolicyException is deprecated and will be removed in a future release; migrate to PolicyException (policies.kyverno.io), see https://kyverno.io/docs/guides/migration-to-cel/[0m [36mlogger=[0mklog [36mv=[0m0
[90m2026-10-01T06:52:24Z[0m [32mINF[0m [1mk8s.io/client-go@v0.36.3/rest/warnings.go:107[0m[36m >[0m [1mWarning: kyverno.io/v1 ClusterPolicy is deprecated and will be removed in a future release; migrate to ValidatingPolicy, MutatingPolicy, GeneratingPolicy or ImageValidatingPolicy (policies.kyverno.io), see https://kyverno.io/docs/guides/migration-to-cel/[0m [36mlogger=[0mklog [36mv=[0m0
[90m2026-10-01T06:53:24Z[0m [32mINF[0m [1mk8s.io/client-go@v0.36.3/rest/warnings.go:107[0m[36m >[0m [1mWarning: kyverno.io/v1 Policy is deprecated and will be removed in a future release; migrate to NamespacedValidatingPolicy and the other namespaced policy types (policies.kyverno.io), see https://kyverno.io/docs/guides/migration-to-cel/[0m [36mlogger=[0mklog [36mv=[0m0
[90m2026-10-01T06:56:32Z[0m [32mINF[0m [1mk8s.io/client-go@v0.36.3/rest/warnings.go:107[0m[36m >[0m [1mWarning: kyverno.io/v2 PolicyException is deprecated and will be removed in a future release; migrate to PolicyException (policies.kyverno.io), see https://kyverno.io/docs/guides/migration-to-cel/[0m [36mlogger=[0mklog [36mv=[0m0
[90m2026-10-01T07:00:20Z[0m [32mINF[0m [1mk8s.io/client-go@v0.36.3/rest/warnings.go:107[0m[36m >[0m [1mWarning: kyverno.io/v1 ClusterPolicy is deprecated and will be removed in a future release; migrate to ValidatingPolicy, MutatingPolicy, GeneratingPolicy or ImageValidatingPolicy (policies.kyverno.io), see https://kyverno.io/docs/guides/migration-to-cel/[0m [36mlogger=[0mklog [36mv=[0m0
[90m2026-10-01T07:02:29Z[0m [32mINF[0m [1mk8s.io/client-go@v0.36.3/rest/warnings.go:107[0m[36m >[0m [1mWarning: kyverno.io/v1 Policy is deprecated and will be removed in a future release; migrate to NamespacedValidatingPolicy and the other namespaced policy types (policies.kyverno.io), see https://kyverno.io/docs/guides/migration-to-cel/[0m [36mlogger=[0mklog [36mv=[0m0
[90m2026-10-01T07:05:02Z[0m [32mINF[0m [1mk8s.io/client-go@v0.36.3/rest/warnings.go:107[0m[36m >[0m [1mWarning: kyverno.io/v2 PolicyException is deprecated and will be removed in a future release; migrate to PolicyException (policies.kyverno.io), see https://kyverno.io/docs/guides/migration-to-cel/[0m [36mlogger=[0mklog [36mv=[0m0
[90m2026-10-01T07:07:05Z[0m [32mINF[0m [1mk8s.io/client-go@v0.36.3/rest/warnings.go:107[0m[36m >[0m [1mWarning: kyverno.io/v1 ClusterPolicy is deprecated and will be removed in a future release; migrate to ValidatingPolicy, MutatingPolicy, GeneratingPolicy or ImageValidatingPolicy (policies.kyverno.io), see https://kyverno.io/docs/guides/migration-to-cel/[0m [36mlogger=[0mklog [36mv=[0m0
[90m2026-10-01T07:08:43Z[0m [32mINF[0m [1mk8s.io/client-go@v0.36.3/rest/warnings.go:107[0m[36m >[0m [1mWarning: kyverno.io/v1 Policy is deprecated and will be removed in a future release; migrate to NamespacedValidatingPolicy and the other namespaced policy types (policies.kyverno.io), see https://kyverno.io/docs/guides/migration-to-cel/[0m [36mlogger=[0mklog [36mv=[0m0
[90m2026-10-01T07:12:47Z[0m [32mINF[0m [1mk8s.io/client-go@v0.36.3/rest/warnings.go:107[0m[36m >[0m [1mWarning: kyverno.io/v2 PolicyException is deprecated and will be removed in a future release; migrate to PolicyException (policies.kyverno.io), see https://kyverno.io/docs/guides/migration-to-cel/[0m [36mlogger=[0mklog [36mv=[0m0
[90m2026-10-01T07:13:42Z[0m [31mERR[0m [1mgithub.com/kyverno/kyverno/pkg/utils/runtime/utils.go:101[0m[36m >[0m [1mfailed to validate certificates[0m [36merror=[0m[31m[1m"Get \"https://10.96.0.1:443/api/v1/namespaces/kyverno/secrets/kyverno-svc.kyverno.svc.kyverno-tls-ca\": context canceled"[0m[0m [36mlogger=[0msetup/runtime-checks
[90m2026-10-01T07:13:45Z[0m [34mTRC[0m [1mk8s.io/client-go@v0.36.3/tools/leaderelection/leaderelection.go:454[0m[36m >[0m Failed to update lease optimistically, falling back to slow path [36merr=[0m"Put \"https://10.96.0.1:443/apis/coordination.k8s.io/v1/namespaces/kyverno/leases/kyverno\": context deadline exceeded" [36mlock=[0mkyverno/kyverno [36mlogger=[0mklog [36mv=[0m2
[90m2026-10-01T07:13:45Z[0m [31mERR[0m [1mk8s.io/client-go@v0.36.3/tools/leaderelection/leaderelection.go:461[0m[36m >[0m [1mError retrieving lease lock[0m [36merror=[0m[31m[1m"client rate limiter Wait returned an error: context deadline exceeded"[0m[0m [36mlock=[0mkyverno/kyverno [36mlogger=[0mklog
[90m2026-10-01T07:13:45Z[0m [32mINF[0m [1mk8s.io/client-go@v0.36.3/tools/leaderelection/leaderelection.go:304[0m[36m >[0m [1mFailed to renew lease[0m [36merr=[0m"context deadline exceeded" [36mlock=[0mkyverno/kyverno [36mlogger=[0mklog [36mv=[0m0
[90m2026-10-01T07:13:45Z[0m [34mTRC[0m [1mgithub.com/kyverno/kyverno/pkg/leaderelection/leaderelection.go:89[0m[36m >[0m leadership lost, stopped leading [36mid=[0mkyverno-admission-controller-86f655d85-nc6bt [36mlogger=[0msetup/leader-election [36mv=[0m2
[90m2026-10-01T07:13:45Z[0m [31mERR[0m [1mgithub.com/kyverno/kyverno/pkg/webhooks/server.go:346[0m[36m >[0m [1mfailed to start server[0m [36merror=[0m[31m[1m"http: Server closed"[0m[0m
[90m2026-10-01T07:13:45Z[0m [31mERR[0m [1mgithub.com/kyverno/kyverno/pkg/controllers/webhook/controller.go:454[0m[36m >[0m [1mfailed to update lease[0m [36merror=[0m[31m[1m"Put \"https://10.96.0.1:443/apis/coordination.k8s.io/v1/namespaces/kyverno/leases/kyverno-health\": context canceled"[0m[0m [36mid=[0m0 [36mlogger=[0mwebhook-controller/routine
[90m2026-10-01T07:13:45Z[0m [34mTRC[0m [1mgithub.com/kyverno/kyverno/cmd/internal/controller.go:35[0m[36m >[0m controller stopped [36mlogger=[0msetup/leader/controllers [36mname=[0mwebhook-controller [36mv=[0m2
[90m2026-10-01T07:13:45Z[0m [34mTRC[0m [1mgithub.com/kyverno/kyverno/pkg/utils/controller/run.go:50[0m[36m >[0m stopped [36mlogger=[0madmissionpolicy-generator [36mv=[0m2
[90m2026-10-01T07:13:45Z[0m [34mTRC[0m [1mgithub.com/kyverno/kyverno/cmd/internal/controller.go:35[0m[36m >[0m controller stopped [36mlogger=[0msetup/leader/controllers [36mname=[0madmissionpolicy-generator [36mv=[0m2
[90m2026-10-01T07:13:45Z[0m [34mTRC[0m [1mgithub.com/kyverno/kyverno/cmd/internal/controller.go:35[0m[36m >[0m controller stopped [36mlogger=[0msetup/leader/controllers [36mname=[0mexception-webhook-controller [36mv=[0m2
[90m2026-10-01T07:13:45Z[0m [34mTRC[0m [1mgithub.com/kyverno/kyverno/cmd/internal/controller.go:35[0m[36m >[0m controller stopped [36mlogger=[0msetup/leader/controllers [36mname=[0mglobal-context-webhook-controller [36mv=[0m2
[90m2026-10-01T07:13:45Z[0m [34mTRC[0m [1mgithub.com/kyverno/kyverno/cmd/internal/controller.go:35[0m[36m >[0m controller stopped [36mlogger=[0msetup/leader/controllers [36mname=[0mcelexception-webhook-controller [36mv=[0m2
[90m2026-10-01T07:13:45Z[0m [34mTRC[0m [1mgithub.com/kyverno/kyverno/cmd/internal/controller.go:35[0m[36m >[0m controller stopped [36mlogger=[0msetup/leader/controllers [36mname=[0mcertmanager-controller [36mv=[0m2
[90m2026-10-01T07:13:45Z[0m [34mTRC[0m [1mgithub.com/kyverno/kyverno/cmd/internal/setup.go:29[0m[36m >[0m shutting down... [36mlogger=[0msetup/shutdown [36mv=[0m2
[90m2026-10-01T07:13:45Z[0m [34mTRC[0m [1mgithub.com/kyverno/kyverno/cmd/internal/setup.go:29[0m[36m >[0m shutting down... [36mlogger=[0msetup/shutdown [36mv=[0m2
[90m2026-10-01T07:13:45Z[0m [34mTRC[0m [1mgithub.com/kyverno/kyverno/cmd/internal/setup.go:29[0m[36m >[0m shutting down... [36mlogger=[0msetup/shutdown [36mv=[0m2
[90m2026-10-01T07:13:45Z[0m [32mINF[0m [1mgithub.com/kyverno/kyverno/pkg/clients/dclient/discovery.go:104[0m[36m >[0m [1mstopping registered resources sync[0m [36mlogger=[0mdynamic-client/Poll [36mv=[0m0
[90m2026-10-01T07:13:45Z[0m [31mERR[0m [1mgithub.com/kyverno/kyverno/cmd/kyverno/watch/watcher.go:124[0m[36m >[0m [1mWatch failed[0m [36merror=[0m[31m[1m"context canceled"[0m[0m [36mlogger=[0mklog
[90m2026-10-01T07:13:45Z[0m [31mERR[0m [1mgithub.com/kyverno/kyverno/cmd/kyverno/watch/watcher.go:124[0m[36m >[0m [1mWatch failed[0m [36merror=[0m[31m[1m"context canceled"[0m[0m [36mlogger=[0mklog
[90m2026-10-01T07:13:45Z[0m [32mINF[0m [1mgithub.com/kyverno/kyverno/pkg/logging/log.go:180[0m[36m >[0m [1m2026/10/01 07:13:45 http: TLS handshake error from 10.244.235.128:49593: read tcp 10.244.212.69:9443->10.244.235.128:49593: use of closed network connection[0m [36mlogger=[0mwebhooks/server [36mv=[0m0
[90m2026-10-01T07:13:45Z[0m [32mINF[0m [1msigs.k8s.io/controller-runtime@v0.24.1/pkg/manager/internal.go:571[0m[36m >[0m [1mStopping and waiting for non leader election runnables[0m [36mv=[0m0
[90m2026-10-01T07:13:45Z[0m [32mINF[0m [1msigs.k8s.io/controller-runtime@v0.24.1/pkg/manager/internal.go:575[0m[36m >[0m [1mStopping and waiting for leader election runnables[0m [36mv=[0m0
[90m2026-10-01T07:13:45Z[0m [34mTRC[0m [1mgithub.com/kyverno/kyverno/pkg/event/controller.go:138[0m[36m >[0m terminated [36mlogger=[0mEventGenerator [36mv=[0m2
[90m2026-10-01T07:13:45Z[0m [34mTRC[0m [1mgithub.com/kyverno/kyverno/cmd/internal/controller.go:35[0m[36m >[0m controller stopped [36mlogger=[0msetup [36mname=[0mkyverno-events [36mv=[0m2
[90m2026-10-01T07:13:45Z[0m [32mINF[0m [1msigs.k8s.io/controller-runtime@v0.24.1/pkg/manager/internal.go:566[0m[36m >[0m [1mStopping and waiting for warmup runnables[0m [36mv=[0m0
[90m2026-10-01T07:13:45Z[0m [32mINF[0m [1msigs.k8s.io/controller-runtime@v0.24.1/pkg/internal/controller/controller.go:325[0m[36m >[0m [1mShutdown signal received, waiting for all workers to finish[0m [36mcontroller=[0mnamespacedmutatingpolicy [36mcontrollerGroup=[0mpolicies.kyverno.io [36mcontrollerKind=[0mNamespacedMutatingPolicy [36mv=[0m0
[90m2026-10-01T07:13:45Z[0m [32mINF[0m [1msigs.k8s.io/controller-runtime@v0.24.1/pkg/internal/controller/controller.go:325[0m[36m >[0m [1mShutdown signal received, waiting for all workers to finish[0m [36mcontroller=[0mimagevalidatingpolicy [36mcontrollerGroup=[0mpolicies.kyverno.io [36mcontrollerKind=[0mImageValidatingPolicy [36mv=[0m0
[90m2026-10-01T07:13:45Z[0m [34mTRC[0m [1mgithub.com/kyverno/kyverno/cmd/internal/controller.go:35[0m[36m >[0m controller stopped [36mlogger=[0msetup/controllers [36mname=[0mpolicycache-controller [36mv=[0m2
[90m2026-10-01T07:13:45Z[0m [32mINF[0m [1msigs.k8s.io/controller-runtime@v0.24.1/pkg/internal/controller/controller.go:325[0m[36m >[0m [1mShutdown signal received, waiting for all workers to finish[0m [36mcontroller=[0mnamespacedimagevalidatingpolicy [36mcontrollerGroup=[0mpolicies.kyverno.io [36mcontrollerKind=[0mNamespacedImageValidatingPolicy [36mv=[0m0
[90m2026-10-01T07:13:45Z[0m [34mTRC[0m [1mgithub.com/kyverno/kyverno/cmd/internal/controller.go:35[0m[36m >[0m controller stopped [36mlogger=[0msetup [36mname=[0mexceptions-controller [36mv=[0m2
[90m2026-10-01T07:13:45Z[0m [32mINF[0m [1msigs.k8s.io/controller-runtime@v0.24.1/pkg/internal/controller/controller.go:325[0m[36m >[0m [1mShutdown signal received, waiting for all workers to finish[0m [36mcontroller=[0mmutatingpolicy [36mcontrollerGroup=[0mpolicies.kyverno.io [36mcontrollerKind=[0mMutatingPolicy [36mv=[0m0
[90m2026-10-01T07:13:45Z[0m [32mINF[0m [1msigs.k8s.io/controller-runtime@v0.24.1/pkg/internal/controller/controller.go:325[0m[36m >[0m [1mShutdown signal received, waiting for all workers to finish[0m [36mcontroller=[0mnamespacedvalidatingpolicy [36mcontrollerGroup=[0mpolicies.kyverno.io [36mcontrollerKind=[0mNamespacedValidatingPolicy [36mv=[0m0
[90m2026-10-01T07:13:45Z[0m [34mTRC[0m [1mgithub.com/kyverno/kyverno/cmd/internal/controller.go:35[0m[36m >[0m controller stopped [36mlogger=[0msetup [36mname=[0mglobal-context [36mv=[0m2
[90m2026-10-01T07:13:45Z[0m [32mINF[0m [1msigs.k8s.io/controller-runtime@v0.24.1/pkg/internal/controller/controller.go:327[0m[36m >[0m [1mAll workers finished[0m [36mcontroller=[0mimagevalidatingpolicy [36mcontrollerGroup=[0mpolicies.kyverno.io [36mcontrollerKind=[0mImageValidatingPolicy [36mv=[0m0
[90m2026-10-01T07:13:45Z[0m [32mINF[0m [1msigs.k8s.io/controller-runtime@v0.24.1/pkg/internal/controller/controller.go:325[0m[36m >[0m [1mShutdown signal received, waiting for all workers to finish[0m [36mcontroller=[0mvalidatingpolicy [36mcontrollerGroup=[0mpolicies.kyverno.io [36mcontrollerKind=[0mValidatingPolicy [36mv=[0m0
[90m2026-10-01T07:13:45Z[0m [32mINF[0m [1msigs.k8s.io/controller-runtime@v0.24.1/pkg/internal/controller/controller.go:327[0m[36m >[0m [1mAll workers finished[0m [36mcontroller=[0mnamespacedvalidatingpolicy [36mcontrollerGroup=[0mpolicies.kyverno.io [36mcontrollerKind=[0mNamespacedValidatingPolicy [36mv=[0m0
[90m2026-10-01T07:13:45Z[0m [32mINF[0m [1msigs.k8s.io/controller-runtime@v0.24.1/pkg/internal/controller/controller.go:327[0m[36m >[0m [1mAll workers finished[0m [36mcontroller=[0mmutatingpolicy [36mcontrollerGroup=[0mpolicies.kyverno.io [36mcontrollerKind=[0mMutatingPolicy [36mv=[0m0
[90m2026-10-01T07:13:45Z[0m [32mINF[0m [1msigs.k8s.io/controller-runtime@v0.24.1/pkg/internal/controller/controller.go:327[0m[36m >[0m [1mAll workers finished[0m [36mcontroller=[0mvalidatingpolicy [36mcontrollerGroup=[0mpolicies.kyverno.io [36mcontrollerKind=[0mValidatingPolicy [36mv=[0m0
[90m2026-10-01T07:13:45Z[0m [32mINF[0m [1msigs.k8s.io/controller-runtime@v0.24.1/pkg/internal/controller/controller.go:327[0m[36m >[0m [1mAll workers finished[0m [36mcontroller=[0mnamespacedimagevalidatingpolicy [36mcontrollerGroup=[0mpolicies.kyverno.io [36mcontrollerKind=[0mNamespacedImageValidatingPolicy [36mv=[0m0
[90m2026-10-01T07:13:45Z[0m [32mINF[0m [1msigs.k8s.io/controller-runtime@v0.24.1/pkg/internal/controller/controller.go:327[0m[36m >[0m [1mAll workers finished[0m [36mcontroller=[0mnamespacedmutatingpolicy [36mcontrollerGroup=[0mpolicies.kyverno.io [36mcontrollerKind=[0mNamespacedMutatingPolicy [36mv=[0m0
[90m2026-10-01T07:13:45Z[0m [32mINF[0m [1msigs.k8s.io/controller-runtime@v0.24.1/pkg/manager/internal.go:583[0m[36m >[0m [1mStopping and waiting for caches[0m [36mv=[0m0
[90m2026-10-01T07:13:45Z[0m [32mINF[0m [1msigs.k8s.io/controller-runtime@v0.24.1/pkg/manager/internal.go:587[0m[36m >[0m [1mStopping and waiting for webhooks[0m [36mv=[0m0
[90m2026-10-01T07:13:45Z[0m [32mINF[0m [1msigs.k8s.io/controller-runtime@v0.24.1/pkg/manager/internal.go:590[0m[36m >[0m [1mStopping and waiting for HTTP servers[0m [36mv=[0m0
[90m2026-10-01T07:13:45Z[0m [32mINF[0m [1msigs.k8s.io/controller-runtime@v0.24.1/pkg/metrics/server/server.go:254[0m[36m >[0m [1mShutting down metrics server with timeout of 1 minute[0m [36mlogger=[0mcontroller-runtime/metrics [36mv=[0m0
[90m2026-10-01T07:13:45Z[0m [32mINF[0m [1msigs.k8s.io/controller-runtime@v0.24.1/pkg/manager/internal.go:594[0m[36m >[0m [1mWait completed, proceeding to shutdown the manager[0m [36mv=[0m0
